\BOOKMARK [1][-]{section.1}{\376\377\000I\000n\000t\000r\000o\000d\000u\000z\000i\000o\000n\000e}{}% 1
\BOOKMARK [2][-]{subsection.1.1}{\376\377\000S\000c\000o\000p\000o\000\040\000d\000e\000l\000\040\000d\000o\000c\000u\000m\000e\000n\000t\000o}{section.1}% 2
\BOOKMARK [2][-]{subsection.1.2}{\376\377\000C\000a\000m\000p\000o\000\040\000d\000i\000\040\000a\000p\000p\000l\000i\000c\000a\000z\000i\000o\000n\000e\000\040\000d\000e\000l\000\040\000s\000i\000s\000t\000e\000m\000a}{section.1}% 3
\BOOKMARK [2][-]{subsection.1.3}{\376\377\000D\000e\000f\000i\000n\000i\000z\000i\000o\000n\000i\000,\000\040\000s\000i\000n\000o\000n\000i\000m\000i\000\040\000a\000d\000o\000t\000t\000a\000t\000i\000\040\000e\000\040\000a\000b\000b\000r\000e\000v\000i\000a\000z\000i\000o\000n\000i}{section.1}% 4
\BOOKMARK [3][-]{subsubsection.1.3.1}{\376\377\000D\000e\000f\000i\000n\000i\000z\000i\000o\000n\000i\000\040\000\050\000G\000l\000o\000s\000s\000a\000r\000i\000o\000\051}{subsection.1.3}% 5
\BOOKMARK [3][-]{subsubsection.1.3.2}{\376\377\000S\000i\000n\000o\000n\000i\000m\000i\000\040\000a\000d\000o\000t\000t\000a\000t\000i}{subsection.1.3}% 6
\BOOKMARK [3][-]{subsubsection.1.3.3}{\376\377\000A\000b\000b\000r\000e\000v\000i\000a\000z\000i\000o\000n\000i}{subsection.1.3}% 7
\BOOKMARK [2][-]{subsection.1.4}{\376\377\000R\000i\000f\000e\000r\000i\000m\000e\000n\000t\000i}{section.1}% 8
\BOOKMARK [2][-]{subsection.1.5}{\376\377\000P\000a\000n\000o\000r\000a\000m\000i\000c\000a\000\040\000d\000e\000l\000\040\000d\000o\000c\000u\000m\000e\000n\000t\000o}{section.1}% 9
\BOOKMARK [1][-]{section.2}{\376\377\000D\000e\000s\000c\000r\000i\000z\000i\000o\000n\000e\000\040\000g\000e\000n\000e\000r\000a\000l\000e}{}% 10
\BOOKMARK [2][-]{subsection.2.1}{\376\377\000P\000r\000o\000s\000p\000e\000t\000t\000i\000v\000a\000\040\000d\000e\000l\000\040\000p\000r\000o\000d\000o\000t\000t\000o}{section.2}% 11
\BOOKMARK [2][-]{subsection.2.2}{\376\377\000F\000u\000n\000z\000i\000o\000n\000a\000l\000i\000t\000\340\000\040\000d\000e\000l\000\040\000p\000r\000o\000d\000o\000t\000t\000o}{section.2}% 12
\BOOKMARK [2][-]{subsection.2.3}{\376\377\000U\000t\000e\000n\000t\000i\000\040\000e\000\040\000a\000t\000t\000o\000r\000i\000\040\000d\000e\000l\000\040\000s\000i\000s\000t\000e\000m\000a}{section.2}% 13
\BOOKMARK [1][-]{section.3}{\376\377\000R\000e\000q\000u\000i\000s\000i\000t\000i\000\040\000s\000p\000e\000c\000i\000f\000i\000c\000i}{}% 14
\BOOKMARK [2][-]{subsection.3.1}{\376\377\000R\000e\000q\000u\000i\000s\000i\000t\000i\000\040\000f\000u\000n\000z\000i\000o\000n\000a\000l\000i}{section.3}% 15
\BOOKMARK [3][-]{subsubsection.3.1.1}{\376\377\000R\000E\0000\0001\000\040\000-\000\040\000L\000o\000g\000\040\000i\000n\000\040\000u\000t\000e\000n\000t\000e}{subsection.3.1}% 16
\BOOKMARK [3][-]{subsubsection.3.1.2}{\376\377\000R\000E\0000\0002\000\040\000-\000\040\000N\000u\000o\000v\000a\000\040\000u\000t\000e\000n\000z\000a\000\040\000\050\000A\000m\000m\000i\000n\000i\000s\000t\000r\000a\000t\000o\000r\000e\000\051}{subsection.3.1}% 17
\BOOKMARK [3][-]{subsubsection.3.1.3}{\376\377\000R\000E\0000\0003\000\040\000-\000\040\000S\000e\000g\000n\000a\000l\000a\000\040\000i\000s\000s\000u\000e}{subsection.3.1}% 18
\BOOKMARK [3][-]{subsubsection.3.1.4}{\376\377\000R\000E\0000\0004\000\040\000-\000\040\000A\000s\000s\000e\000g\000n\000a\000\040\000i\000s\000s\000u\000e}{subsection.3.1}% 19
\BOOKMARK [3][-]{subsubsection.3.1.5}{\376\377\000R\000E\0000\0005\000\040\000-\000\040\000V\000i\000s\000u\000a\000l\000i\000z\000z\000a\000\040\000r\000i\000e\000p\000i\000l\000o\000g\000o\000\040\000i\000s\000s\000u\000e}{subsection.3.1}% 20
\BOOKMARK [3][-]{subsubsection.3.1.6}{\376\377\000R\000E\0000\0006\000\040\000-\000\040\000V\000i\000s\000u\000a\000l\000i\000z\000z\000a\000\040\000r\000e\000p\000o\000r\000t\000\040\000t\000e\000a\000m}{subsection.3.1}% 21
\BOOKMARK [3][-]{subsubsection.3.1.7}{\376\377\000R\000E\0000\0007\000\040\000-\000\040\000U\000t\000e\000n\000t\000e\000\040\000v\000i\000s\000u\000a\000l\000i\000z\000z\000a\000\040\000l\000e\000\040\000p\000r\000o\000p\000r\000i\000e\000\040\000i\000s\000s\000u\000e\000\040\000a\000s\000s\000e\000g\000n\000a\000t\000e}{subsection.3.1}% 22
\BOOKMARK [3][-]{subsubsection.3.1.8}{\376\377\000R\000E\0000\0008\000\040\000-\000\040\000F\000i\000l\000t\000r\000a\000\040\000i\000s\000s\000u\000e}{subsection.3.1}% 23
\BOOKMARK [3][-]{subsubsection.3.1.9}{\376\377\000R\000E\0000\0009\000\040\000-\000\040\000O\000r\000d\000i\000n\000a\000\040\000i\000s\000s\000u\000e}{subsection.3.1}% 24
\BOOKMARK [3][-]{subsubsection.3.1.10}{\376\377\000R\000E\0001\0000\000\040\000-\000\040\000R\000i\000c\000e\000r\000c\000a\000\040\000i\000s\000s\000u\000e}{subsection.3.1}% 25
\BOOKMARK [3][-]{subsubsection.3.1.11}{\376\377\000R\000E\0001\0001\000\040\000-\000\040\000V\000i\000s\000u\000a\000l\000i\000z\000z\000a\000\040\000n\000o\000t\000i\000f\000i\000c\000h\000e}{subsection.3.1}% 26
\BOOKMARK [3][-]{subsubsection.3.1.12}{\376\377\000R\000E\0001\0002\000\040\000-\000\040\000L\000e\000t\000t\000u\000r\000a\000\040\000n\000o\000t\000i\000f\000i\000c\000h\000e}{subsection.3.1}% 27
\BOOKMARK [3][-]{subsubsection.3.1.13}{\376\377\000R\000E\0001\0003\000\040\000-\000\040\000W\000o\000r\000k\000l\000o\000a\000d}{subsection.3.1}% 28
\BOOKMARK [2][-]{subsection.3.2}{\376\377\000M\000o\000d\000e\000l\000l\000a\000z\000i\000o\000n\000e\000\040\000d\000e\000i\000\040\000c\000a\000s\000i\000\040\000d\000'\000u\000s\000o\000\040\000t\000r\000a\000m\000i\000t\000e\000\040\000U\000s\000e\000\040\000C\000a\000s\000e\000\040\000D\000i\000a\000g\000r\000a\000m}{section.3}% 29
\BOOKMARK [3][-]{subsubsection.3.2.1}{\376\377\000U\000s\000e\000\040\000C\000a\000s\000e\000\040\000D\000i\000a\000g\000r\000a\000m}{subsection.3.2}% 30
\BOOKMARK [3][-]{subsubsection.3.2.2}{\376\377\000U\000s\000e\000\040\000C\000a\000s\000e\000\040\000D\000i\000a\000g\000r\000a\000m\000\040\000p\000a\000r\000z\000i\000a\000l\000e\000\040\0001}{subsection.3.2}% 31
\BOOKMARK [3][-]{subsubsection.3.2.3}{\376\377\000U\000s\000e\000\040\000C\000a\000s\000e\000\040\000D\000i\000a\000g\000r\000a\000m\000\040\000p\000a\000r\000z\000i\000a\000l\000e\000\040\0002}{subsection.3.2}% 32
\BOOKMARK [3][-]{subsubsection.3.2.4}{\376\377\000U\000s\000e\000\040\000C\000a\000s\000e\000\040\000D\000i\000a\000g\000r\000a\000m\000\040\000p\000a\000r\000z\000i\000a\000l\000e\000\040\0003}{subsection.3.2}% 33
\BOOKMARK [3][-]{subsubsection.3.2.5}{\376\377\000U\000s\000e\000\040\000C\000a\000s\000e\000\040\000D\000i\000a\000g\000r\000a\000m\000\040\000p\000a\000r\000z\000i\000a\000l\000e\000\040\0004}{subsection.3.2}% 34
\BOOKMARK [3][-]{subsubsection.3.2.6}{\376\377\000U\000s\000e\000\040\000C\000a\000s\000e\000\040\000D\000i\000a\000g\000r\000a\000m\000\040\000p\000a\000r\000z\000i\000a\000l\000e\000\040\0006}{subsection.3.2}% 35
\BOOKMARK [2][-]{subsection.3.3}{\376\377\000R\000e\000q\000u\000i\000s\000i\000t\000i\000\040\000n\000o\000n\000\040\000f\000u\000n\000z\000i\000o\000n\000a\000l\000i}{section.3}% 36
\BOOKMARK [3][-]{subsubsection.3.3.1}{\376\377\000R\000N\000F\0000\0001\000\040\000-\000\040\000S\000i\000c\000u\000r\000e\000z\000z\000a}{subsection.3.3}% 37
\BOOKMARK [3][-]{subsubsection.3.3.2}{\376\377\000R\000N\000F\0000\0002\000\040\000-\000\040\000A\000f\000f\000i\000d\000a\000b\000i\000l\000i\000t\000\340}{subsection.3.3}% 38
\BOOKMARK [3][-]{subsubsection.3.3.3}{\376\377\000R\000N\000F\0000\0003\000\040\000-\000\040\000P\000r\000e\000s\000t\000a\000z\000i\000o\000n\000i}{subsection.3.3}% 39
\BOOKMARK [3][-]{subsubsection.3.3.4}{\376\377\000R\000N\000F\0000\0004\000\040\000-\000\040\000U\000s\000a\000b\000i\000l\000i\000t\000\340}{subsection.3.3}% 40
\BOOKMARK [3][-]{subsubsection.3.3.5}{\376\377\000R\000N\000F\0000\0005\000\040\000-\000\040\000S\000c\000a\000l\000a\000b\000i\000l\000i\000t\000\340}{subsection.3.3}% 41
\BOOKMARK [3][-]{subsubsection.3.3.6}{\376\377\000R\000N\000F\0000\0006\000\040\000-\000\040\000P\000o\000r\000t\000a\000b\000i\000l\000i\000t\000\340\000\040\000e\000\040\000i\000n\000d\000i\000p\000e\000n\000d\000e\000n\000z\000a\000\040\000t\000r\000a\000\040\000i\000\040\000c\000o\000m\000p\000o\000n\000e\000n\000t\000i}{subsection.3.3}% 42
\BOOKMARK [3][-]{subsubsection.3.3.7}{\376\377\000R\000N\000F\0000\0007\000\040\000-\000\040\000M\000a\000n\000u\000t\000e\000n\000i\000b\000i\000l\000i\000t\000\340}{subsection.3.3}% 43
\BOOKMARK [2][-]{subsection.3.4}{\376\377\000F\000o\000r\000m\000a\000l\000i\000z\000z\000a\000z\000i\000o\000n\000e\000\040\000d\000i\000\040\000c\000a\000s\000i\000\040\000d\000'\000u\000s\000o\000\040\000s\000i\000g\000n\000i\000f\000i\000c\000a\000t\000i\000v\000i}{section.3}% 44
\BOOKMARK [3][-]{subsubsection.3.4.1}{\376\377\000T\000a\000b\000e\000l\000l\000a\000\040\000d\000i\000\040\000C\000o\000c\000k\000b\000u\000r\000n\000\040\0001}{subsection.3.4}% 45
\BOOKMARK [3][-]{subsubsection.3.4.2}{\376\377\000T\000a\000b\000e\000l\000l\000a\000\040\000d\000i\000\040\000C\000o\000c\000k\000b\000u\000r\000n\000\040\0002}{subsection.3.4}% 46
\BOOKMARK [2][-]{subsection.3.5}{\376\377\000P\000r\000o\000t\000o\000t\000i\000p\000a\000z\000i\000o\000n\000e\000\040\000v\000i\000s\000u\000a\000l\000e\000\040\000d\000e\000l\000\040\000c\000a\000s\000o\000\040\000d\000'\000u\000s\000o\000\040\000S\000e\000g\000n\000a\000l\000a\000\040\000I\000s\000s\000u\000e}{section.3}% 47
\BOOKMARK [3][-]{subsubsection.3.5.1}{\376\377\000S\000e\000g\000n\000a\000l\000a\000\040\000I\000s\000s\000u\000e\000\040\000-\000\040\000M\000o\000c\000k\000u\000p\000\040\0001}{subsection.3.5}% 48
\BOOKMARK [3][-]{subsubsection.3.5.2}{\376\377\000S\000e\000g\000n\000a\000l\000a\000\040\000I\000s\000s\000u\000e\000\040\000-\000\040\000M\000o\000c\000k\000u\000p\000\040\0002}{subsection.3.5}% 49
\BOOKMARK [3][-]{subsubsection.3.5.3}{\376\377\000S\000e\000g\000n\000a\000l\000a\000\040\000I\000s\000s\000u\000e\000\040\000-\000\040\000M\000o\000c\000k\000u\000p\000\040\0003}{subsection.3.5}% 50
\BOOKMARK [3][-]{subsubsection.3.5.4}{\376\377\000S\000e\000g\000n\000a\000l\000a\000\040\000I\000s\000s\000u\000e\000\040\000-\000\040\000M\000o\000c\000k\000u\000p\000\040\0004}{subsection.3.5}% 51
\BOOKMARK [2][-]{subsection.3.6}{\376\377\000P\000r\000o\000t\000o\000t\000i\000p\000a\000z\000i\000o\000n\000e\000\040\000v\000i\000s\000u\000a\000l\000e\000\040\000d\000e\000l\000\040\000c\000a\000s\000o\000\040\000d\000'\000u\000s\000o\000\040\000A\000s\000s\000e\000g\000n\000a\000\040\000I\000s\000s\000u\000e}{section.3}% 52
\BOOKMARK [3][-]{subsubsection.3.6.1}{\376\377\000A\000s\000s\000e\000g\000n\000a\000\040\000I\000s\000s\000u\000e\000\040\000-\000\040\000M\000o\000c\000k\000u\000p\000\040\0001}{subsection.3.6}% 53
\BOOKMARK [3][-]{subsubsection.3.6.2}{\376\377\000A\000s\000s\000e\000g\000n\000a\000\040\000I\000s\000s\000u\000e\000\040\000-\000\040\000M\000o\000c\000k\000u\000p\000\040\0002}{subsection.3.6}% 54
\BOOKMARK [3][-]{subsubsection.3.6.3}{\376\377\000A\000s\000s\000e\000g\000n\000a\000\040\000I\000s\000s\000u\000e\000\040\000-\000\040\000M\000o\000c\000k\000u\000p\000\040\0003}{subsection.3.6}% 55
\BOOKMARK [3][-]{subsubsection.3.6.4}{\376\377\000A\000s\000s\000e\000g\000n\000a\000\040\000I\000s\000s\000u\000e\000\040\000-\000\040\000M\000o\000c\000k\000u\000p\000\040\0004}{subsection.3.6}% 56
\BOOKMARK [1][-]{section.4}{\376\377\000D\000o\000c\000u\000m\000e\000n\000t\000o\000\040\000d\000i\000\040\000d\000e\000s\000i\000g\000n\000\040\000d\000e\000l\000\040\000s\000i\000s\000t\000e\000m\000a}{}% 57
\BOOKMARK [2][-]{subsection.4.1}{\376\377\000A\000n\000a\000l\000i\000s\000i\000\040\000d\000e\000l\000l\000'\000A\000r\000c\000h\000i\000t\000e\000t\000t\000u\000r\000a}{section.4}% 58
\BOOKMARK [3][-]{subsubsection.4.1.1}{\376\377\000S\000e\000r\000v\000e\000r}{subsection.4.1}% 59
\BOOKMARK [3][-]{subsubsection.4.1.2}{\376\377\000P\000e\000r\000s\000i\000s\000t\000e\000n\000z\000a}{subsection.4.1}% 60
\BOOKMARK [3][-]{subsubsection.4.1.3}{\376\377\000C\000l\000i\000e\000n\000t}{subsection.4.1}% 61
\BOOKMARK [2][-]{subsection.4.2}{\376\377\000S\000c\000e\000l\000t\000e\000\040\000t\000e\000c\000n\000o\000l\000o\000g\000i\000c\000h\000e\000\040\000e\000\040\000m\000o\000t\000i\000v\000a\000z\000i\000o\000n\000i}{section.4}% 62
\BOOKMARK [3][-]{subsubsection.4.2.1}{\376\377\000S\000e\000r\000v\000e\000r}{subsection.4.2}% 63
\BOOKMARK [3][-]{subsubsection.4.2.2}{\376\377\000P\000e\000r\000s\000i\000s\000t\000e\000n\000z\000a}{subsection.4.2}% 64
\BOOKMARK [3][-]{subsubsection.4.2.3}{\376\377\000C\000l\000i\000e\000n\000t}{subsection.4.2}% 65
\BOOKMARK [1][-]{section.5}{\376\377\000D\000o\000c\000u\000m\000e\000n\000t\000o\000\040\000d\000i\000\040\000D\000e\000s\000i\000g\000n\000\040\000d\000e\000l\000\040\000S\000o\000f\000t\000w\000a\000r\000e}{}% 66
\BOOKMARK [2][-]{subsection.5.1}{\376\377\000D\000e\000s\000c\000r\000i\000z\000i\000o\000n\000e\000\040\000d\000e\000l\000l\000o\000\040\000s\000c\000h\000e\000m\000a\000\040\000d\000i\000\040\000p\000e\000r\000s\000i\000s\000t\000e\000n\000z\000a\000\040\000d\000e\000i\000\040\000d\000a\000t\000i}{section.5}% 67
\BOOKMARK [2][-]{subsection.5.2}{\376\377\000C\000l\000a\000s\000s\000\040\000D\000i\000a\000g\000r\000a\000m\000\040\000d\000i\000\040\000D\000e\000s\000i\000g\000n}{section.5}% 68
\BOOKMARK [3][-]{subsubsection.5.2.1}{\376\377\000C\000l\000a\000s\000s\000\040\000D\000i\000a\000g\000r\000a\000m\000\040\0001\000-\000\040\000M\000o\000d\000e\000l}{subsection.5.2}% 69
\BOOKMARK [3][-]{subsubsection.5.2.2}{\376\377\000C\000l\000a\000s\000s\000\040\000D\000i\000a\000g\000r\000a\000m\000\040\0002\000-\000\040\000F\000u\000n\000z\000i\000o\000n\000a\000l\000i\000t\000\340\000\040\0002}{subsection.5.2}% 70
\BOOKMARK [3][-]{subsubsection.5.2.3}{\376\377\000C\000l\000a\000s\000s\000\040\000D\000i\000a\000g\000r\000a\000m\000\040\0003\000-\000\040\000F\000u\000n\000z\000i\000o\000n\000a\000l\000i\000t\000\340\000\040\0003}{subsection.5.2}% 71
\BOOKMARK [3][-]{subsubsection.5.2.4}{\376\377\000C\000l\000a\000s\000s\000\040\000D\000i\000a\000g\000r\000a\000m\000\040\0004\000-\000\040\000F\000u\000n\000z\000i\000o\000n\000a\000l\000i\000t\000\340\000\040\0004\000\040\000e\000\040\0001\0004}{subsection.5.2}% 72
\BOOKMARK [3][-]{subsubsection.5.2.5}{\376\377\000C\000l\000a\000s\000s\000\040\000D\000i\000a\000g\000r\000a\000m\000\040\0005\000-\000\040\000F\000u\000n\000z\000i\000o\000n\000a\000l\000i\000t\000\340\000\040\0001\0001}{subsection.5.2}% 73
\BOOKMARK [3][-]{subsubsection.5.2.6}{\376\377\000C\000l\000a\000s\000s\000\040\000D\000i\000a\000g\000r\000a\000m\000\040\0006\000-\000\040\000F\000u\000n\000z\000i\000o\000n\000a\000l\000i\000t\000\340\000\040\0001\0007}{subsection.5.2}% 74
\BOOKMARK [2][-]{subsection.5.3}{\376\377\000P\000a\000c\000k\000a\000g\000e\000\040\000D\000i\000a\000g\000r\000a\000m\000\040\000F\000r\000o\000n\000t\000e\000n\000d}{section.5}% 75
\BOOKMARK [2][-]{subsection.5.4}{\376\377\000D\000e\000s\000c\000r\000i\000z\000i\000o\000n\000e\000\040\000e\000\040\000m\000o\000t\000i\000v\000a\000z\000i\000o\000n\000e\000\040\000d\000e\000l\000l\000e\000\040\000s\000c\000e\000l\000t\000e\000\040\000d\000i\000\040\000s\000o\000f\000t\000w\000a\000r\000e\000\040\000d\000e\000s\000i\000g\000n\000\040\000a\000d\000o\000t\000t\000a\000t\000e}{section.5}% 76
\BOOKMARK [2][-]{subsection.5.5}{\376\377\000S\000t\000r\000u\000m\000e\000n\000t\000o\000\040\000d\000i\000\040\000V\000e\000r\000s\000i\000o\000n\000i\000n\000g}{section.5}% 77
\BOOKMARK [2][-]{subsection.5.6}{\376\377\000C\000o\000n\000t\000a\000i\000n\000e\000r\000i\000z\000z\000a\000z\000i\000o\000n\000e\000,\000\040\000b\000u\000i\000l\000d\000\040\000a\000u\000t\000o\000m\000a\000t\000i\000c\000a\000\040\000e\000\040\000C\000l\000o\000u\000d\000\040\000D\000e\000p\000l\000o\000y}{section.5}% 78
\BOOKMARK [3][-]{subsubsection.5.6.1}{\376\377\000B\000u\000i\000l\000d\000\040\000a\000u\000t\000o\000m\000a\000t\000i\000c\000a}{subsection.5.6}% 79
\BOOKMARK [3][-]{subsubsection.5.6.2}{\376\377\000C\000o\000n\000t\000a\000i\000n\000e\000r\000i\000z\000z\000a\000z\000i\000o\000n\000e}{subsection.5.6}% 80
\BOOKMARK [3][-]{subsubsection.5.6.3}{\376\377\000D\000e\000p\000l\000o\000y\000\040\000A\000W\000S}{subsection.5.6}% 81
\BOOKMARK [3][-]{subsubsection.5.6.4}{\376\377\000R\000e\000p\000o\000r\000t\000\040\000d\000i\000\040\000q\000u\000a\000l\000i\000t\000\340\000\040\000d\000e\000l\000\040\000c\000o\000d\000i\000c\000e}{subsection.5.6}% 82
\BOOKMARK [1][-]{section.6}{\376\377\000T\000e\000s\000t\000\040\000P\000l\000a\000n}{}% 83
\BOOKMARK [2][-]{subsection.6.1}{\376\377\000T\000e\000s\000t\000\040\000d\000e\000l\000l\000a\000\040\000f\000u\000n\000z\000i\000o\000n\000a\000l\000i\000t\000\340\000\040\000R\000E\0000\0004\000\040\040\023\000\040\000A\000s\000s\000e\000g\000n\000a\000\040\000i\000s\000s\000u\000e}{section.6}% 84
\BOOKMARK [3][-]{subsubsection.6.1.1}{\376\377\000A\000n\000a\000l\000i\000s\000i\000\040\000d\000e\000l\000l\000e\000\040\000c\000l\000a\000s\000s\000i\000\040\000d\000i\000\040\000e\000q\000u\000i\000v\000a\000l\000e\000n\000z\000a}{subsection.6.1}% 85
\BOOKMARK [3][-]{subsubsection.6.1.2}{\376\377\000T\000C\0001\000\040\040\023\000\040\000A\000s\000s\000e\000g\000n\000a\000z\000i\000o\000n\000e\000\040\000c\000o\000r\000r\000e\000t\000t\000a}{subsection.6.1}% 86
\BOOKMARK [3][-]{subsubsection.6.1.3}{\376\377\000T\000C\0002\000\040\040\023\000\040\000U\000t\000e\000n\000t\000e\000\040\000a\000s\000s\000e\000g\000n\000a\000t\000a\000r\000i\000o\000\040\000i\000n\000e\000s\000i\000s\000t\000e\000n\000t\000e}{subsection.6.1}% 87
\BOOKMARK [3][-]{subsubsection.6.1.4}{\376\377\000T\000C\0003\000\040\040\023\000\040\000I\000s\000s\000u\000e\000\040\000i\000n\000e\000s\000i\000s\000t\000e\000n\000t\000e}{subsection.6.1}% 88
\BOOKMARK [3][-]{subsubsection.6.1.5}{\376\377\000T\000C\0004\000\040\040\023\000\040\000I\000s\000s\000u\000e\000\040\000i\000n\000e\000s\000i\000s\000t\000e\000n\000t\000e\000\040\000e\000\040\000u\000t\000e\000n\000t\000e\000\040\000i\000n\000e\000s\000i\000s\000t\000e\000n\000t\000e}{subsection.6.1}% 89
\BOOKMARK [3][-]{subsubsection.6.1.6}{\376\377\000T\000C\0005\000\040\040\023\000\040\000V\000e\000r\000i\000f\000i\000c\000a\000\040\000c\000r\000e\000a\000z\000i\000o\000n\000e\000\040\000n\000o\000t\000i\000f\000i\000c\000a}{subsection.6.1}% 90
\BOOKMARK [3][-]{subsubsection.6.1.7}{\376\377\000T\000C\0006\000\040\040\023\000\040\000V\000i\000s\000u\000a\000l\000i\000z\000z\000a\000z\000i\000o\000n\000e\000\040\000d\000e\000i\000\040\000b\000u\000g\000\040\000a\000s\000s\000e\000g\000n\000a\000t\000i}{subsection.6.1}% 91
\BOOKMARK [3][-]{subsubsection.6.1.8}{\376\377\000T\000C\0007\000\040\040\023\000\040\000A\000s\000s\000e\000g\000n\000a\000z\000i\000o\000n\000e\000\040\000t\000e\000n\000t\000a\000t\000a\000\040\000d\000a\000\040\000u\000t\000e\000n\000t\000e\000\040\000n\000o\000n\000\040\000a\000m\000m\000i\000n\000i\000s\000t\000r\000a\000t\000o\000r\000e}{subsection.6.1}% 92
\BOOKMARK [3][-]{subsubsection.6.1.9}{\376\377\000C\000o\000p\000e\000r\000t\000u\000r\000a\000\040\000d\000e\000l\000l\000e\000\040\000c\000l\000a\000s\000s\000i\000\040\000d\000i\000\040\000e\000q\000u\000i\000v\000a\000l\000e\000n\000z\000a}{subsection.6.1}% 93
\BOOKMARK [2][-]{subsection.6.2}{\376\377\000T\000e\000s\000t\000\040\000d\000e\000l\000\040\000m\000e\000t\000o\000d\000o\000\040\000a\000s\000s\000i\000g\000n\000I\000s\000s\000u\000e\000\040\040\023\000\040\000I\000s\000s\000u\000e\000W\000r\000i\000t\000e\000S\000e\000r\000v\000i\000c\000e}{section.6}% 94
\BOOKMARK [3][-]{subsubsection.6.2.1}{\376\377\000M\000e\000t\000o\000d\000o\000\040\000s\000o\000t\000t\000o\000p\000o\000s\000t\000o\000\040\000a\000\040\000t\000e\000s\000t}{subsection.6.2}% 95
\BOOKMARK [3][-]{subsubsection.6.2.2}{\376\377\000S\000t\000r\000a\000t\000e\000g\000i\000a\000\040\000a\000d\000o\000t\000t\000a\000t\000a}{subsection.6.2}% 96
\BOOKMARK [3][-]{subsubsection.6.2.3}{\376\377\000B\000l\000a\000c\000k\000\040\000b\000o\000x}{subsection.6.2}% 97
\BOOKMARK [3][-]{subsubsection.6.2.4}{\376\377\000C\000a\000s\000i\000\040\000d\000i\000\040\000t\000e\000s\000t\000\040\000p\000r\000o\000g\000e\000t\000t\000a\000t\000i}{subsection.6.2}% 98
\BOOKMARK [3][-]{subsubsection.6.2.5}{\376\377\000W\000h\000i\000t\000e\000\040\000b\000o\000x}{subsection.6.2}% 99
\BOOKMARK [3][-]{subsubsection.6.2.6}{\376\377\000O\000r\000a\000c\000l\000e\000\040\000d\000e\000i\000\040\000t\000e\000s\000t}{subsection.6.2}% 100
\BOOKMARK [2][-]{subsection.6.3}{\376\377\000T\000e\000s\000t\000\040\000d\000e\000l\000\040\000m\000e\000t\000o\000d\000o\000\040\000c\000r\000e\000a\000t\000e\000N\000o\000t\000i\000f\000i\000c\000a\000t\000i\000o\000n\000\040\040\023\000\040\000N\000o\000t\000i\000f\000i\000c\000a\000t\000i\000o\000n\000W\000r\000i\000t\000e\000S\000e\000r\000v\000i\000c\000e}{section.6}% 101
\BOOKMARK [3][-]{subsubsection.6.3.1}{\376\377\000M\000e\000t\000o\000d\000o\000\040\000s\000o\000t\000t\000o\000p\000o\000s\000t\000o\000\040\000a\000\040\000t\000e\000s\000t}{subsection.6.3}% 102
\BOOKMARK [3][-]{subsubsection.6.3.2}{\376\377\000S\000t\000r\000a\000t\000e\000g\000i\000a\000\040\000a\000d\000o\000t\000t\000a\000t\000a}{subsection.6.3}% 103
\BOOKMARK [3][-]{subsubsection.6.3.3}{\376\377\000B\000l\000a\000c\000k\000\040\000b\000o\000x}{subsection.6.3}% 104
\BOOKMARK [3][-]{subsubsection.6.3.4}{\376\377\000C\000a\000s\000i\000\040\000d\000i\000\040\000t\000e\000s\000t\000\040\000p\000r\000o\000g\000e\000t\000t\000a\000t\000i}{subsection.6.3}% 105
\BOOKMARK [3][-]{subsubsection.6.3.5}{\376\377\000O\000r\000a\000c\000l\000e\000\040\000d\000e\000i\000\040\000t\000e\000s\000t}{subsection.6.3}% 106
\BOOKMARK [2][-]{subsection.6.4}{\376\377\000T\000e\000s\000t\000\040\000d\000e\000l\000\040\000m\000e\000t\000o\000d\000o\000\040\000g\000e\000t\000M\000o\000n\000t\000h\000l\000y\000R\000e\000p\000o\000r\000t\000\040\040\023\000\040\000U\000s\000e\000r\000R\000e\000a\000d\000S\000e\000r\000v\000i\000c\000e}{section.6}% 107
\BOOKMARK [3][-]{subsubsection.6.4.1}{\376\377\000M\000e\000t\000o\000d\000o\000\040\000s\000o\000t\000t\000o\000p\000o\000s\000t\000o\000\040\000a\000\040\000t\000e\000s\000t}{subsection.6.4}% 108
\BOOKMARK [3][-]{subsubsection.6.4.2}{\376\377\000S\000t\000r\000a\000t\000e\000g\000i\000a\000\040\000a\000d\000o\000t\000t\000a\000t\000a}{subsection.6.4}% 109
\BOOKMARK [3][-]{subsubsection.6.4.3}{\376\377\000B\000l\000a\000c\000k\000\040\000b\000o\000x}{subsection.6.4}% 110
\BOOKMARK [3][-]{subsubsection.6.4.4}{\376\377\000C\000a\000s\000i\000\040\000d\000i\000\040\000t\000e\000s\000t\000\040\000p\000r\000o\000g\000e\000t\000t\000a\000t\000i}{subsection.6.4}% 111
\BOOKMARK [3][-]{subsubsection.6.4.5}{\376\377\000O\000r\000a\000c\000l\000e\000\040\000d\000e\000i\000\040\000t\000e\000s\000t}{subsection.6.4}% 112
\BOOKMARK [1][-]{section*.28}{\376\377\000I\000n\000d\000i\000c\000e\000\040\000a\000n\000a\000l\000i\000t\000i\000c\000o}{}% 113
