This is pdfTeX, Version 3.141592653-2.6-1.40.25 (MiKTeX 24.1) (preloaded format=pdflatex 2025.10.16)  13 JUL 2026 19:15
entering extended mode
 restricted \write18 enabled.
 %&-line parsing enabled.
**./srs.tex
(srs.tex
LaTeX2e <2023-11-01> patch level 1
L3 programming layer <2024-01-04>
(C:\Users\mmont\AppData\Local\Programs\MiKTeX\tex/latex/base\article.cls
Document Class: article 2023/05/17 v1.4n Standard LaTeX document class
(C:\Users\mmont\AppData\Local\Programs\MiKTeX\tex/latex/base\size12.clo
File: size12.clo 2023/05/17 v1.4n Standard LaTeX file (size option)
)
\c@part=\count187
\c@section=\count188
\c@subsection=\count189
\c@subsubsection=\count190
\c@paragraph=\count191
\c@subparagraph=\count192
\c@figure=\count193
\c@table=\count194
\abovecaptionskip=\skip48
\belowcaptionskip=\skip49
\bibindent=\dimen140
)
(C:\Users\mmont\AppData\Local\Programs\MiKTeX\tex/latex/base\inputenc.sty
Package: inputenc 2021/02/14 v1.3d Input encoding file
\inpenc@prehook=\toks17
\inpenc@posthook=\toks18
)
(C:\Users\mmont\AppData\Local\Programs\MiKTeX\tex/latex/base\fontenc.sty
Package: fontenc 2021/04/29 v2.0v Standard LaTeX package
)
(C:\Users\mmont\AppData\Local\Programs\MiKTeX\tex/generic/babel\babel.sty
Package: babel 2024/01/07 v24.1 The Babel package
\babel@savecnt=\count195
\U@D=\dimen141
\l@unhyphenated=\language79

(C:\Users\mmont\AppData\Local\Programs\MiKTeX\tex/generic/babel\txtbabel.def)
\bbl@readstream=\read2
\bbl@dirlevel=\count196

*************************************
* Local config file bblopts.cfg used
*
(C:\Users\mmont\AppData\Local\Programs\MiKTeX\tex/latex/arabi\bblopts.cfg
File: bblopts.cfg 2005/09/08 v0.1 add Arabic and Farsi to "declared" options of
 babel
)
(C:\Users\mmont\AppData\Local\Programs\MiKTeX\tex/latex/babel-italian\italian.l
df
Language: italian 2024/10/10 v.1.5.01 Italian support for the babel system
\it@lettering=\count197
\it@doublequoteactive=\count198
\it@ISOcompliance=\count199
))
(C:\Users\mmont\AppData\Local\Programs\MiKTeX\tex/generic/babel/locale/it\babel
-italian.tex
Package babel Info: Importing font and identification data for italian
(babel)             from babel-it.ini. Reported on input line 11.
)
(C:\Users\mmont\AppData\Local\Programs\MiKTeX\tex/latex/etoolbox\etoolbox.sty
Package: etoolbox 2020/10/05 v2.5k e-TeX tools for LaTeX (JAW)
\etb@tempcnta=\count266
)
(C:\Users\mmont\AppData\Local\Programs\MiKTeX\tex/latex/psnfss\times.sty
Package: times 2020/03/25 PSNFSS-v9.3 (SPQR) 
)
(C:\Users\mmont\AppData\Local\Programs\MiKTeX\tex/latex/geometry\geometry.sty
Package: geometry 2020/01/02 v5.9 Page Geometry

(C:\Users\mmont\AppData\Local\Programs\MiKTeX\tex/latex/graphics\keyval.sty
Package: keyval 2022/05/29 v1.15 key=value parser (DPC)
\KV@toks@=\toks19
)
(C:\Users\mmont\AppData\Local\Programs\MiKTeX\tex/generic/iftex\ifvtex.sty
Package: ifvtex 2019/10/25 v1.7 ifvtex legacy package. Use iftex instead.

(C:\Users\mmont\AppData\Local\Programs\MiKTeX\tex/generic/iftex\iftex.sty
Package: iftex 2022/02/03 v1.0f TeX engine tests
))
\Gm@cnth=\count267
\Gm@cntv=\count268
\c@Gm@tempcnt=\count269
\Gm@bindingoffset=\dimen142
\Gm@wd@mp=\dimen143
\Gm@odd@mp=\dimen144
\Gm@even@mp=\dimen145
\Gm@layoutwidth=\dimen146
\Gm@layoutheight=\dimen147
\Gm@layouthoffset=\dimen148
\Gm@layoutvoffset=\dimen149
\Gm@dimlist=\toks20

(C:\Users\mmont\AppData\Local\Programs\MiKTeX\tex/latex/geometry\geometry.cfg))
(C:\Users\mmont\AppData\Local\Programs\MiKTeX\tex/latex/graphics\graphicx.sty
Package: graphicx 2021/09/16 v1.2d Enhanced LaTeX Graphics (DPC,SPQR)

(C:\Users\mmont\AppData\Local\Programs\MiKTeX\tex/latex/graphics\graphics.sty
Package: graphics 2022/03/10 v1.4e Standard LaTeX Graphics (DPC,SPQR)

(C:\Users\mmont\AppData\Local\Programs\MiKTeX\tex/latex/graphics\trig.sty
Package: trig 2021/08/11 v1.11 sin cos tan (DPC)
)
(C:\Users\mmont\AppData\Local\Programs\MiKTeX\tex/latex/graphics-cfg\graphics.c
fg
File: graphics.cfg 2016/06/04 v1.11 sample graphics configuration
)
Package graphics Info: Driver file: pdftex.def on input line 107.

(C:\Users\mmont\AppData\Local\Programs\MiKTeX\tex/latex/graphics-def\pdftex.def
File: pdftex.def 2022/09/22 v1.2b Graphics/color driver for pdftex
))
\Gin@req@height=\dimen150
\Gin@req@width=\dimen151
) (C:\Users\mmont\AppData\Local\Programs\MiKTeX\tex/latex/tools\longtable.sty
Package: longtable 2023-11-01 v4.19 Multi-page Table package (DPC)
\LTleft=\skip50
\LTright=\skip51
\LTpre=\skip52
\LTpost=\skip53
\LTchunksize=\count270
\LTcapwidth=\dimen152
\LT@head=\box51
\LT@firsthead=\box52
\LT@foot=\box53
\LT@lastfoot=\box54
\LT@gbox=\box55
\LT@cols=\count271
\LT@rows=\count272
\c@LT@tables=\count273
\c@LT@chunks=\count274
\LT@p@ftn=\toks21
) (C:\Users\mmont\AppData\Local\Programs\MiKTeX\tex/latex/float\float.sty
Package: float 2001/11/08 v1.3d Float enhancements (AL)
\c@float@type=\count275
\float@exts=\toks22
\float@box=\box56
\@float@everytoks=\toks23
\@floatcapt=\box57
)
(C:\Users\mmont\AppData\Local\Programs\MiKTeX\tex/latex/tools\tabularx.sty
Package: tabularx 2023/07/08 v2.11c `tabularx' package (DPC)

(C:\Users\mmont\AppData\Local\Programs\MiKTeX\tex/latex/tools\array.sty
Package: array 2023/10/16 v2.5g Tabular extension package (FMi)
\col@sep=\dimen153
\ar@mcellbox=\box58
\extrarowheight=\dimen154
\NC@list=\toks24
\extratabsurround=\skip54
\backup@length=\skip55
\ar@cellbox=\box59
)
\TX@col@width=\dimen155
\TX@old@table=\dimen156
\TX@old@col=\dimen157
\TX@target=\dimen158
\TX@delta=\dimen159
\TX@cols=\count276
\TX@ftn=\toks25
)
(C:\Users\mmont\AppData\Local\Programs\MiKTeX\tex/latex/listings\listings.sty
\lst@mode=\count277
\lst@gtempboxa=\box60
\lst@token=\toks26
\lst@length=\count278
\lst@currlwidth=\dimen160
\lst@column=\count279
\lst@pos=\count280
\lst@lostspace=\dimen161
\lst@width=\dimen162
\lst@newlines=\count281
\lst@lineno=\count282
\lst@maxwidth=\dimen163

(C:\Users\mmont\AppData\Local\Programs\MiKTeX\tex/latex/listings\lstmisc.sty
File: lstmisc.sty 2023/02/27 1.9 (Carsten Heinz)
\c@lstnumber=\count283
\lst@skipnumbers=\count284
\lst@framebox=\box61
)
(C:\Users\mmont\AppData\Local\Programs\MiKTeX\tex/latex/listings\listings.cfg
File: listings.cfg 2023/02/27 1.9 listings configuration
))
Package: listings 2023/02/27 1.9 (Carsten Heinz)
(C:\Users\mmont\AppData\Local\Programs\MiKTeX\tex/latex/fancyhdr\fancyhdr.sty
Package: fancyhdr 2025/02/07 v5.2 Extensive control of page headers and footers

\f@nch@headwidth=\skip56
\f@nch@offset@elh=\skip57
\f@nch@offset@erh=\skip58
\f@nch@offset@olh=\skip59
\f@nch@offset@orh=\skip60
\f@nch@offset@elf=\skip61
\f@nch@offset@erf=\skip62
\f@nch@offset@olf=\skip63
\f@nch@offset@orf=\skip64
\f@nch@height=\skip65
\f@nch@footalignment=\skip66
\f@nch@widthL=\skip67
\f@nch@widthC=\skip68
\f@nch@widthR=\skip69
\@temptokenb=\toks27
)
(C:\Users\mmont\AppData\Local\Programs\MiKTeX\tex/latex/titlesec\titlesec.sty
Package: titlesec 2025/01/04 v2.17 Sectioning titles
\ttl@box=\box62
\beforetitleunit=\skip70
\aftertitleunit=\skip71
\ttl@plus=\dimen164
\ttl@minus=\dimen165
\ttl@toksa=\toks28
\titlewidth=\dimen166
\titlewidthlast=\dimen167
\titlewidthfirst=\dimen168
)
(C:\Users\mmont\AppData\Local\Programs\MiKTeX\tex/latex/setspace\setspace.sty
Package: setspace 2022/12/04 v6.7b set line spacing
)
(C:\Users\mmont\AppData\Local\Programs\MiKTeX\tex/latex/imakeidx\imakeidx.sty
Package: imakeidx 2016/10/15 v1.3e Package for typesetting indices in a synchro
nous mode

(C:\Users\mmont\AppData\Local\Programs\MiKTeX\tex/latex/xkeyval\xkeyval.sty
Package: xkeyval 2022/06/16 v2.9 package option processing (HA)

(C:\Users\mmont\AppData\Local\Programs\MiKTeX\tex/generic/xkeyval\xkeyval.tex
(C:\Users\mmont\AppData\Local\Programs\MiKTeX\tex/generic/xkeyval\xkvutils.tex
\XKV@toks=\toks29
\XKV@tempa@toks=\toks30
)
\XKV@depth=\count285
File: xkeyval.tex 2014/12/03 v2.7a key=value parser (HA)
)) (C:\Users\mmont\AppData\Local\Programs\MiKTeX\tex/generic/iftex\ifxetex.sty
Package: ifxetex 2019/10/25 v0.7 ifxetex legacy package. Use iftex instead.
) (C:\Users\mmont\AppData\Local\Programs\MiKTeX\tex/generic/iftex\ifluatex.sty
Package: ifluatex 2019/10/25 v1.5 ifluatex legacy package. Use iftex instead.
)
(C:\Users\mmont\AppData\Local\Programs\MiKTeX\tex/latex/tools\multicol.sty
Package: multicol 2023/03/30 v1.9f multicolumn formatting (FMi)
\c@tracingmulticols=\count286
\mult@box=\box63
\multicol@leftmargin=\dimen169
\c@unbalance=\count287
\c@collectmore=\count288
\doublecol@number=\count289
\multicoltolerance=\count290
\multicolpretolerance=\count291
\full@width=\dimen170
\page@free=\dimen171
\premulticols=\dimen172
\postmulticols=\dimen173
\multicolsep=\skip72
\multicolbaselineskip=\skip73
\partial@page=\box64
\last@line=\box65
\mc@boxedresult=\box66
\maxbalancingoverflow=\dimen174
\mult@rightbox=\box67
\mult@grightbox=\box68
\mult@firstbox=\box69
\mult@gfirstbox=\box70
\@tempa=\box71
\@tempa=\box72
\@tempa=\box73
\@tempa=\box74
\@tempa=\box75
\@tempa=\box76
\@tempa=\box77
\@tempa=\box78
\@tempa=\box79
\@tempa=\box80
\@tempa=\box81
\@tempa=\box82
\@tempa=\box83
\@tempa=\box84
\@tempa=\box85
\@tempa=\box86
\@tempa=\box87
\@tempa=\box88
\@tempa=\box89
\@tempa=\box90
\@tempa=\box91
\@tempa=\box92
\@tempa=\box93
\@tempa=\box94
\@tempa=\box95
\@tempa=\box96
\@tempa=\box97
\@tempa=\box98
\@tempa=\box99
\@tempa=\box100
\@tempa=\box101
\@tempa=\box102
\@tempa=\box103
\@tempa=\box104
\@tempa=\box105
\@tempa=\box106
\c@minrows=\count292
\c@columnbadness=\count293
\c@finalcolumnbadness=\count294
\last@try=\dimen175
\multicolovershoot=\dimen176
\multicolundershoot=\dimen177
\mult@nat@firstbox=\box107
\colbreak@box=\box108
\mc@col@check@num=\count295
))
\srs@idxfile=\write3
\openout3 = `srs.idx'.


Writing index file srs.idx
(C:\Users\mmont\AppData\Local\Programs\MiKTeX\tex/latex/amsfonts\amssymb.sty
Package: amssymb 2013/01/14 v3.01 AMS font symbols

(C:\Users\mmont\AppData\Local\Programs\MiKTeX\tex/latex/amsfonts\amsfonts.sty
Package: amsfonts 2013/01/14 v3.01 Basic AMSFonts support
\@emptytoks=\toks31
\symAMSa=\mathgroup4
\symAMSb=\mathgroup5
LaTeX Font Info:    Redeclaring math symbol \hbar on input line 98.
LaTeX Font Info:    Overwriting math alphabet `\mathfrak' in version `bold'
(Font)                  U/euf/m/n --> U/euf/b/n on input line 106.
)) (C:\Users\mmont\AppData\Local\Programs\MiKTeX\tex/latex/xcolor\xcolor.sty
Package: xcolor 2023/11/15 v3.01 LaTeX color extensions (UK)

(C:\Users\mmont\AppData\Local\Programs\MiKTeX\tex/latex/graphics-cfg\color.cfg
File: color.cfg 2016/01/02 v1.6 sample color configuration
)
Package xcolor Info: Driver file: pdftex.def on input line 274.
(C:\Users\mmont\AppData\Local\Programs\MiKTeX\tex/latex/graphics\mathcolor.ltx)
Package xcolor Info: Model `cmy' substituted by `cmy0' on input line 1350.
Package xcolor Info: Model `hsb' substituted by `rgb' on input line 1354.
Package xcolor Info: Model `RGB' extended on input line 1366.
Package xcolor Info: Model `HTML' substituted by `rgb' on input line 1368.
Package xcolor Info: Model `Hsb' substituted by `hsb' on input line 1369.
Package xcolor Info: Model `tHsb' substituted by `hsb' on input line 1370.
Package xcolor Info: Model `HSB' substituted by `hsb' on input line 1371.
Package xcolor Info: Model `Gray' substituted by `gray' on input line 1372.
Package xcolor Info: Model `wave' substituted by `hsb' on input line 1373.
) (C:\Users\mmont\AppData\Local\Programs\MiKTeX\tex/latex/xcolor\x11nam.def
File: x11nam.def 2023/11/15 v3.01 Predefined colors according to Unix/X11 (UK)
)
(C:\Users\mmont\AppData\Local\Programs\MiKTeX\tex/latex/hyperref\hyperref.sty
Package: hyperref 2023-11-26 v7.01g Hypertext links for LaTeX

(C:\Users\mmont\AppData\Local\Programs\MiKTeX\tex/generic/infwarerr\infwarerr.s
ty
Package: infwarerr 2019/12/03 v1.5 Providing info/warning/error messages (HO)
)
(C:\Users\mmont\AppData\Local\Programs\MiKTeX\tex/latex/kvsetkeys\kvsetkeys.sty
Package: kvsetkeys 2022-10-05 v1.19 Key value parser (HO)
)
(C:\Users\mmont\AppData\Local\Programs\MiKTeX\tex/generic/kvdefinekeys\kvdefine
keys.sty
Package: kvdefinekeys 2019-12-19 v1.6 Define keys (HO)
)
(C:\Users\mmont\AppData\Local\Programs\MiKTeX\tex/generic/pdfescape\pdfescape.s
ty
Package: pdfescape 2019/12/09 v1.15 Implements pdfTeX's escape features (HO)

(C:\Users\mmont\AppData\Local\Programs\MiKTeX\tex/generic/ltxcmds\ltxcmds.sty
Package: ltxcmds 2023-12-04 v1.26 LaTeX kernel commands for general use (HO)
)
(C:\Users\mmont\AppData\Local\Programs\MiKTeX\tex/generic/pdftexcmds\pdftexcmds
.sty
Package: pdftexcmds 2020-06-27 v0.33 Utility functions of pdfTeX for LuaTeX (HO
)
Package pdftexcmds Info: \pdf@primitive is available.
Package pdftexcmds Info: \pdf@ifprimitive is available.
Package pdftexcmds Info: \pdfdraftmode found.
))
(C:\Users\mmont\AppData\Local\Programs\MiKTeX\tex/latex/hycolor\hycolor.sty
Package: hycolor 2020-01-27 v1.10 Color options for hyperref/bookmark (HO)
)
(C:\Users\mmont\AppData\Local\Programs\MiKTeX\tex/latex/letltxmacro\letltxmacro
.sty
Package: letltxmacro 2019/12/03 v1.6 Let assignment for LaTeX macros (HO)
)
(C:\Users\mmont\AppData\Local\Programs\MiKTeX\tex/latex/auxhook\auxhook.sty
Package: auxhook 2019-12-17 v1.6 Hooks for auxiliary files (HO)
)
(C:\Users\mmont\AppData\Local\Programs\MiKTeX\tex/latex/hyperref\nameref.sty
Package: nameref 2023-11-26 v2.56 Cross-referencing by name of section

(C:\Users\mmont\AppData\Local\Programs\MiKTeX\tex/latex/refcount\refcount.sty
Package: refcount 2019/12/15 v3.6 Data extraction from label references (HO)
)
(C:\Users\mmont\AppData\Local\Programs\MiKTeX\tex/generic/gettitlestring\gettit
lestring.sty
Package: gettitlestring 2019/12/15 v1.6 Cleanup title references (HO)

(C:\Users\mmont\AppData\Local\Programs\MiKTeX\tex/latex/kvoptions\kvoptions.sty
Package: kvoptions 2022-06-15 v3.15 Key value format for package options (HO)
))
\c@section@level=\count296
)
\@linkdim=\dimen178
\Hy@linkcounter=\count297
\Hy@pagecounter=\count298
 (C:\Users\mmont\AppData\Local\Programs\MiKTeX\tex/latex/hyperref\pd1enc.def
File: pd1enc.def 2023-11-26 v7.01g Hyperref: PDFDocEncoding definition (HO)
Now handling font encoding PD1 ...
... no UTF-8 mapping file for font encoding PD1
) (C:\Users\mmont\AppData\Local\Programs\MiKTeX\tex/generic/intcalc\intcalc.sty
Package: intcalc 2019/12/15 v1.3 Expandable calculations with integers (HO)
)
\Hy@SavedSpaceFactor=\count299
 (C:\Users\mmont\AppData\Local\Programs\MiKTeX\tex/latex/hyperref\puenc.def
File: puenc.def 2023-11-26 v7.01g Hyperref: PDF Unicode definition (HO)
Now handling font encoding PU ...
... no UTF-8 mapping file for font encoding PU
)
Package hyperref Info: Option `colorlinks' set `true' on input line 4064.
Package hyperref Info: Hyper figures OFF on input line 4181.
Package hyperref Info: Link nesting OFF on input line 4186.
Package hyperref Info: Hyper index ON on input line 4189.
Package hyperref Info: Plain pages OFF on input line 4196.
Package hyperref Info: Backreferencing OFF on input line 4201.
Package hyperref Info: Implicit mode ON; LaTeX internals redefined.
Package hyperref Info: Bookmarks ON on input line 4448.
\c@Hy@tempcnt=\count300

(C:\Users\mmont\AppData\Local\Programs\MiKTeX\tex/latex/url\url.sty
\Urlmuskip=\muskip16
Package: url 2013/09/16  ver 3.4  Verb mode for urls, etc.
)
LaTeX Info: Redefining \url on input line 4786.
\XeTeXLinkMargin=\dimen179

(C:\Users\mmont\AppData\Local\Programs\MiKTeX\tex/generic/bitset\bitset.sty
Package: bitset 2019/12/09 v1.3 Handle bit-vector datatype (HO)

(C:\Users\mmont\AppData\Local\Programs\MiKTeX\tex/generic/bigintcalc\bigintcalc
.sty
Package: bigintcalc 2019/12/15 v1.5 Expandable calculations on big integers (HO
)
))
\Fld@menulength=\count301
\Field@Width=\dimen180
\Fld@charsize=\dimen181
Package hyperref Info: Hyper figures OFF on input line 6065.
Package hyperref Info: Link nesting OFF on input line 6070.
Package hyperref Info: Hyper index ON on input line 6073.
Package hyperref Info: backreferencing OFF on input line 6080.
Package hyperref Info: Link coloring ON on input line 6083.
Package hyperref Info: Link coloring with OCG OFF on input line 6090.
Package hyperref Info: PDF/A mode OFF on input line 6095.

(C:\Users\mmont\AppData\Local\Programs\MiKTeX\tex/latex/base\atbegshi-ltx.sty
Package: atbegshi-ltx 2021/01/10 v1.0c Emulation of the original atbegshi
package with kernel methods
)
\Hy@abspage=\count302
\c@Item=\count303
\c@Hfootnote=\count304
)
Package hyperref Info: Driver (autodetected): hpdftex.
(C:\Users\mmont\AppData\Local\Programs\MiKTeX\tex/latex/hyperref\hpdftex.def
File: hpdftex.def 2023-11-26 v7.01g Hyperref driver for pdfTeX

(C:\Users\mmont\AppData\Local\Programs\MiKTeX\tex/latex/base\atveryend-ltx.sty
Package: atveryend-ltx 2020/08/19 v1.0a Emulation of the original atveryend pac
kage
with kernel methods
)
\Fld@listcount=\count305
\c@bookmark@seq@number=\count306

(C:\Users\mmont\AppData\Local\Programs\MiKTeX\tex/latex/rerunfilecheck\rerunfil
echeck.sty
Package: rerunfilecheck 2025-06-21 v1.11 Rerun checks for auxiliary files (HO)

(C:\Users\mmont\AppData\Local\Programs\MiKTeX\tex/generic/uniquecounter\uniquec
ounter.sty
Package: uniquecounter 2019/12/15 v1.4 Provide unlimited unique counter (HO)
)
Package uniquecounter Info: New unique counter `rerunfilecheck' on input line 2
84.
)
\Hy@SectionHShift=\skip74
)
LaTeX Font Info:    Trying to load font information for T1+ptm on input line 92
.

(C:\Users\mmont\AppData\Local\Programs\MiKTeX\tex/latex/psnfss\t1ptm.fd
File: t1ptm.fd 2001/06/04 font definitions for T1/ptm.
)
(C:\Users\mmont\AppData\Local\Programs\MiKTeX\tex/latex/l3backend\l3backend-pdf
tex.def
File: l3backend-pdftex.def 2024-01-04 L3 backend support: PDF output (pdfTeX)
\l__color_backend_stack_int=\count307
\l__pdf_internal_box=\box109
) (srs.aux

LaTeX Warning: Label `fig:etichetta' multiply defined.


LaTeX Warning: Label `fig:etichetta' multiply defined.


LaTeX Warning: Label `fig:etichetta' multiply defined.


LaTeX Warning: Label `fig:etichetta' multiply defined.


LaTeX Warning: Label `fig:etichetta' multiply defined.


LaTeX Warning: Label `fig:etichetta' multiply defined.


LaTeX Warning: Label `fig:etichetta' multiply defined.


LaTeX Warning: Label `fig:etichetta' multiply defined.


LaTeX Warning: Label `fig:etichetta' multiply defined.

)
\openout1 = `srs.aux'.

LaTeX Font Info:    Checking defaults for OML/cmm/m/it on input line 92.
LaTeX Font Info:    ... okay on input line 92.
LaTeX Font Info:    Checking defaults for OMS/cmsy/m/n on input line 92.
LaTeX Font Info:    ... okay on input line 92.
LaTeX Font Info:    Checking defaults for OT1/cmr/m/n on input line 92.
LaTeX Font Info:    ... okay on input line 92.
LaTeX Font Info:    Checking defaults for T1/cmr/m/n on input line 92.
LaTeX Font Info:    ... okay on input line 92.
LaTeX Font Info:    Checking defaults for TS1/cmr/m/n on input line 92.
LaTeX Font Info:    ... okay on input line 92.
LaTeX Font Info:    Checking defaults for OMX/cmex/m/n on input line 92.
LaTeX Font Info:    ... okay on input line 92.
LaTeX Font Info:    Checking defaults for U/cmr/m/n on input line 92.
LaTeX Font Info:    ... okay on input line 92.
LaTeX Font Info:    Checking defaults for PD1/pdf/m/n on input line 92.
LaTeX Font Info:    ... okay on input line 92.
LaTeX Font Info:    Checking defaults for PU/pdf/m/n on input line 92.
LaTeX Font Info:    ... okay on input line 92.
LaTeX Info: Redefining \it@ocap on input line 92.
LaTeX Info: Redefining \it@ccap on input line 92.

*geometry* driver: auto-detecting
*geometry* detected driver: pdftex
*geometry* verbose mode - [ preamble ] result:
* driver: pdftex
* paper: a4paper
* layout: <same size as paper>
* layoutoffset:(h,v)=(0.0pt,0.0pt)
* modes: 
* h-part:(L,W,R)=(71.13188pt, 455.24411pt, 71.13188pt)
* v-part:(T,H,B)=(71.13188pt, 702.78308pt, 71.13188pt)
* \paperwidth=597.50787pt
* \paperheight=845.04684pt
* \textwidth=455.24411pt
* \textheight=702.78308pt
* \oddsidemargin=-1.1381pt
* \evensidemargin=-1.1381pt
* \topmargin=-38.1381pt
* \headheight=12.0pt
* \headsep=25.0pt
* \topskip=12.0pt
* \footskip=30.0pt
* \marginparwidth=35.0pt
* \marginparsep=10.0pt
* \columnsep=10.0pt
* \skip\footins=10.8pt plus 4.0pt minus 2.0pt
* \hoffset=0.0pt
* \voffset=0.0pt
* \mag=1000
* \@twocolumnfalse
* \@twosidefalse
* \@mparswitchfalse
* \@reversemarginfalse
* (1in=72.27pt=25.4mm, 1cm=28.453pt)


(C:\Users\mmont\AppData\Local\Programs\MiKTeX\tex/context/base/mkii\supp-pdf.mk
ii
[Loading MPS to PDF converter (version 2006.09.02).]
\scratchcounter=\count308
\scratchdimen=\dimen182
\scratchbox=\box110
\nofMPsegments=\count309
\nofMParguments=\count310
\everyMPshowfont=\toks32
\MPscratchCnt=\count311
\MPscratchDim=\dimen183
\MPnumerator=\count312
\makeMPintoPDFobject=\count313
\everyMPtoPDFconversion=\toks33
)
(C:\Users\mmont\AppData\Local\Programs\MiKTeX\tex/latex/epstopdf-pkg\epstopdf-b
ase.sty
Package: epstopdf-base 2020-01-24 v2.11 Base part for package epstopdf
Package epstopdf-base Info: Redefining graphics rule for `.eps' on input line 4
85.

(C:\Users\mmont\AppData\Local\Programs\MiKTeX\tex/latex/00miktex\epstopdf-sys.c
fg
File: epstopdf-sys.cfg 2021/03/18 v2.0 Configuration of epstopdf for MiKTeX
))
\c@lstlisting=\count314
Package hyperref Info: Link coloring ON on input line 92.
 (srs.out) (srs.out)
\@outlinefile=\write4
\openout4 = `srs.out'.

LaTeX Font Info:    Trying to load font information for U+msa on input line 95.


(C:\Users\mmont\AppData\Local\Programs\MiKTeX\tex/latex/amsfonts\umsa.fd
File: umsa.fd 2013/01/14 v3.01 AMS symbols A
)
LaTeX Font Info:    Trying to load font information for U+msb on input line 95.


(C:\Users\mmont\AppData\Local\Programs\MiKTeX\tex/latex/amsfonts\umsb.fd
File: umsb.fd 2013/01/14 v3.01 AMS symbols B
)
[1

{C:/Users/mmont/AppData/Local/MiKTeX/fonts/map/pdftex/pdftex.map}{C:/Users/mmon
t/AppData/Local/Programs/MiKTeX/fonts/enc/dvips/base/8r.enc}] (srs.toc

Package fancyhdr Warning: \headheight is too small (12.0pt): 
(fancyhdr)                Make it at least 14.49998pt, for example:
(fancyhdr)                \setlength{\headheight}{14.49998pt}.
(fancyhdr)                You might also make \topmargin smaller:
(fancyhdr)                \addtolength{\topmargin}{-2.49998pt}.

[2]

Package fancyhdr Warning: \headheight is too small (12.0pt): 
(fancyhdr)                Make it at least 14.49998pt, for example:
(fancyhdr)                \setlength{\headheight}{14.49998pt}.
(fancyhdr)                You might also make \topmargin smaller:
(fancyhdr)                \addtolength{\topmargin}{-2.49998pt}.

[3])
\tf@toc=\write5
\openout5 = `srs.toc'.



Package fancyhdr Warning: \headheight is too small (12.0pt): 
(fancyhdr)                Make it at least 14.49998pt, for example:
(fancyhdr)                \setlength{\headheight}{14.49998pt}.
(fancyhdr)                You might also make \topmargin smaller:
(fancyhdr)                \addtolength{\topmargin}{-2.49998pt}.

[4]
LaTeX Font Info:    Trying to load font information for TS1+ptm on input line 1
28.
 (C:\Users\mmont\AppData\Local\Programs\MiKTeX\tex/latex/psnfss\ts1ptm.fd
File: ts1ptm.fd 2001/06/04 font definitions for TS1/ptm.
)

Package fancyhdr Warning: \headheight is too small (12.0pt): 
(fancyhdr)                Make it at least 14.49998pt, for example:
(fancyhdr)                \setlength{\headheight}{14.49998pt}.
(fancyhdr)                You might also make \topmargin smaller:
(fancyhdr)                \addtolength{\topmargin}{-2.49998pt}.

[5]

Package fancyhdr Warning: \headheight is too small (12.0pt): 
(fancyhdr)                Make it at least 14.49998pt, for example:
(fancyhdr)                \setlength{\headheight}{14.49998pt}.
(fancyhdr)                You might also make \topmargin smaller:
(fancyhdr)                \addtolength{\topmargin}{-2.49998pt}.

[6]

Package fancyhdr Warning: \headheight is too small (12.0pt): 
(fancyhdr)                Make it at least 14.49998pt, for example:
(fancyhdr)                \setlength{\headheight}{14.49998pt}.
(fancyhdr)                You might also make \topmargin smaller:
(fancyhdr)                \addtolength{\topmargin}{-2.49998pt}.

[7]
Underfull \hbox (badness 4518) in paragraph at lines 189--189
[]|\T1/ptm/m/n/12 Illustra l'am-bi-to in cui \T1/ptm/m/it/12 Bug-Board26 \T1/pt
m/m/n/12 si va ad
 []


Underfull \hbox (badness 2452) in paragraph at lines 199--199
[]|\T1/ptm/m/n/12 Esplicita i re-qui-si-ti non fun-zio-na-li del pro-dot-to
 []


Package fancyhdr Warning: \headheight is too small (12.0pt): 
(fancyhdr)                Make it at least 14.49998pt, for example:
(fancyhdr)                \setlength{\headheight}{14.49998pt}.
(fancyhdr)                You might also make \topmargin smaller:
(fancyhdr)                \addtolength{\topmargin}{-2.49998pt}.

[8]

Package fancyhdr Warning: \headheight is too small (12.0pt): 
(fancyhdr)                Make it at least 14.49998pt, for example:
(fancyhdr)                \setlength{\headheight}{14.49998pt}.
(fancyhdr)                You might also make \topmargin smaller:
(fancyhdr)                \addtolength{\topmargin}{-2.49998pt}.

[9]
Underfull \hbox (badness 10000) in paragraph at lines 245--248

 []


Underfull \hbox (badness 3039) in paragraph at lines 255--255
[]|\T1/ptm/b/n/12 Esperienza e com-pe-ten-ze
 []


Underfull \hbox (badness 1360) in paragraph at lines 255--255
[]|\T1/ptm/m/n/12 Segnala is-sue; vi-sua-liz-za-re
 []


Overfull \hbox (17.62482pt too wide) in paragraph at lines 255--256
[][] 
 []


Underfull \hbox (badness 3039) in paragraph at lines 263--263
[]|\T1/ptm/b/n/12 Esperienza e com-pe-ten-ze
 []


Underfull \hbox (badness 1264) in paragraph at lines 263--263
\T1/ptm/m/n/12 crea-re nuo-ve uten-ze, as-se-
 []


Underfull \hbox (badness 1077) in paragraph at lines 263--263
\T1/ptm/m/n/12 gna-re is-sue ai mem-bri del
 []


Underfull \hbox (badness 2401) in paragraph at lines 263--263
\T1/ptm/m/n/12 team e vi-sua-liz-za-re re-port
 []


Underfull \hbox (badness 2512) in paragraph at lines 263--263
[]|\T1/ptm/m/n/12 Tutte le in-te-ra-zio-ni di un
 []


Underfull \hbox (badness 6173) in paragraph at lines 263--263
\T1/ptm/m/n/12 mem-bro del team; as-se-
 []


Overfull \hbox (17.62482pt too wide) in paragraph at lines 263--264
[][] 
 []


Underfull \hbox (badness 3039) in paragraph at lines 270--270
[]|\T1/ptm/b/n/12 Esperienza e com-pe-ten-ze
 []


Overfull \hbox (17.62482pt too wide) in paragraph at lines 270--271
[][] 
 []


Package fancyhdr Warning: \headheight is too small (12.0pt): 
(fancyhdr)                Make it at least 14.49998pt, for example:
(fancyhdr)                \setlength{\headheight}{14.49998pt}.
(fancyhdr)                You might also make \topmargin smaller:
(fancyhdr)                \addtolength{\topmargin}{-2.49998pt}.

[10]
Underfull \hbox (badness 10000) in paragraph at lines 280--287

 []


Overfull \hbox (17.62482pt too wide) in paragraph at lines 299--300
[][] 
 []


Underfull \hbox (badness 10000) in paragraph at lines 305--312

 []


Underfull \hbox (badness 2326) in paragraph at lines 324--324
[]|\T1/ptm/m/n/12 Il si-ste-ma de-ve per-met-te-re di re-gi-stra-re nuo-ve uten
-ze
 []


Underfull \hbox (badness 3536) in paragraph at lines 324--324
[]|\T1/ptm/m/n/12 Credenziali con-for-mi al-le re-go-le im-po-ste dal si-ste-ma

 []


Overfull \hbox (17.62482pt too wide) in paragraph at lines 324--325
[][] 
 []


Package fancyhdr Warning: \headheight is too small (12.0pt): 
(fancyhdr)                Make it at least 14.49998pt, for example:
(fancyhdr)                \setlength{\headheight}{14.49998pt}.
(fancyhdr)                You might also make \topmargin smaller:
(fancyhdr)                \addtolength{\topmargin}{-2.49998pt}.

[11]
Underfull \hbox (badness 10000) in paragraph at lines 332--339

 []


Overfull \hbox (17.62482pt too wide) in paragraph at lines 364--365
[][] 
 []


Package fancyhdr Warning: \headheight is too small (12.0pt): 
(fancyhdr)                Make it at least 14.49998pt, for example:
(fancyhdr)                \setlength{\headheight}{14.49998pt}.
(fancyhdr)                You might also make \topmargin smaller:
(fancyhdr)                \addtolength{\topmargin}{-2.49998pt}.

[12]
Underfull \hbox (badness 10000) in paragraph at lines 369--376

 []


Overfull \hbox (17.62482pt too wide) in paragraph at lines 393--394
[][] 
 []


Package fancyhdr Warning: \headheight is too small (12.0pt): 
(fancyhdr)                Make it at least 14.49998pt, for example:
(fancyhdr)                \setlength{\headheight}{14.49998pt}.
(fancyhdr)                You might also make \topmargin smaller:
(fancyhdr)                \addtolength{\topmargin}{-2.49998pt}.

[13]
Underfull \hbox (badness 10000) in paragraph at lines 399--406

 []


Overfull \hbox (17.62482pt too wide) in paragraph at lines 417--418
[][] 
 []


Underfull \hbox (badness 10000) in paragraph at lines 423--430

 []


Package fancyhdr Warning: \headheight is too small (12.0pt): 
(fancyhdr)                Make it at least 14.49998pt, for example:
(fancyhdr)                \setlength{\headheight}{14.49998pt}.
(fancyhdr)                You might also make \topmargin smaller:
(fancyhdr)                \addtolength{\topmargin}{-2.49998pt}.

[14]
Overfull \hbox (17.62482pt too wide) in paragraph at lines 443--444
[][] 
 []


Underfull \hbox (badness 10000) in paragraph at lines 448--455

 []


Overfull \hbox (17.62482pt too wide) in paragraph at lines 466--467
[][] 
 []


Underfull \hbox (badness 10000) in paragraph at lines 472--479

 []


Overfull \hbox (17.62482pt too wide) in paragraph at lines 497--498
[][] 
 []


Package fancyhdr Warning: \headheight is too small (12.0pt): 
(fancyhdr)                Make it at least 14.49998pt, for example:
(fancyhdr)                \setlength{\headheight}{14.49998pt}.
(fancyhdr)                You might also make \topmargin smaller:
(fancyhdr)                \addtolength{\topmargin}{-2.49998pt}.

[15]
Underfull \hbox (badness 10000) in paragraph at lines 502--509

 []


Overfull \hbox (17.62482pt too wide) in paragraph at lines 530--531
[][] 
 []


Package fancyhdr Warning: \headheight is too small (12.0pt): 
(fancyhdr)                Make it at least 14.49998pt, for example:
(fancyhdr)                \setlength{\headheight}{14.49998pt}.
(fancyhdr)                You might also make \topmargin smaller:
(fancyhdr)                \addtolength{\topmargin}{-2.49998pt}.

[16]
Underfull \hbox (badness 10000) in paragraph at lines 535--542

 []


Underfull \hbox (badness 2617) in paragraph at lines 558--558
[]|\T1/ptm/m/n/12 Il si-ste-ma de-ve mo-stra-re l'e-len-co del-le is-sue ri-te-
nu-te
 []


Overfull \hbox (17.62482pt too wide) in paragraph at lines 558--559
[][] 
 []


Package fancyhdr Warning: \headheight is too small (12.0pt): 
(fancyhdr)                Make it at least 14.49998pt, for example:
(fancyhdr)                \setlength{\headheight}{14.49998pt}.
(fancyhdr)                You might also make \topmargin smaller:
(fancyhdr)                \addtolength{\topmargin}{-2.49998pt}.

[17]
Underfull \hbox (badness 10000) in paragraph at lines 563--570

 []


Underfull \hbox (badness 4156) in paragraph at lines 581--581
[]|\T1/ptm/m/n/12 Interfaccia uten-te nel-la vi-sta di vi-sua-liz-za-zio-ne del
-le
 []


Overfull \hbox (17.62482pt too wide) in paragraph at lines 581--582
[][] 
 []


Underfull \hbox (badness 10000) in paragraph at lines 586--593

 []


Underfull \hbox (badness 4156) in paragraph at lines 604--604
[]|\T1/ptm/m/n/12 Interfaccia uten-te nel-la vi-sta di vi-sua-liz-za-zio-ne del
-le
 []


Overfull \hbox (17.62482pt too wide) in paragraph at lines 604--605
[][] 
 []


Package fancyhdr Warning: \headheight is too small (12.0pt): 
(fancyhdr)                Make it at least 14.49998pt, for example:
(fancyhdr)                \setlength{\headheight}{14.49998pt}.
(fancyhdr)                You might also make \topmargin smaller:
(fancyhdr)                \addtolength{\topmargin}{-2.49998pt}.

[18]
Underfull \hbox (badness 10000) in paragraph at lines 609--616

 []


Overfull \hbox (17.62482pt too wide) in paragraph at lines 627--628
[][] 
 []

<images/BugBoard26.jpg, id=552, 1076.02pt x 1199.48125pt>
File: images/BugBoard26.jpg Graphic file (type jpg)
<use images/BugBoard26.jpg>
Package pdftex.def Info: images/BugBoard26.jpg  used on input line 638.
(pdftex.def)             Requested size: 455.24411pt x 507.47581pt.

Package fancyhdr Warning: \headheight is too small (12.0pt): 
(fancyhdr)                Make it at least 14.49998pt, for example:
(fancyhdr)                \setlength{\headheight}{14.49998pt}.
(fancyhdr)                You might also make \topmargin smaller:
(fancyhdr)                \addtolength{\topmargin}{-2.49998pt}.

[19]

Package fancyhdr Warning: \headheight is too small (12.0pt): 
(fancyhdr)                Make it at least 14.49998pt, for example:
(fancyhdr)                \setlength{\headheight}{14.49998pt}.
(fancyhdr)                You might also make \topmargin smaller:
(fancyhdr)                \addtolength{\topmargin}{-2.49998pt}.

[20 <./images/BugBoard26.jpg>]
<images/Parziali/BugBoard26_login.jpg, id=563, 533.995pt x 326.21875pt>
File: images/Parziali/BugBoard26_login.jpg Graphic file (type jpg)
<use images/Parziali/BugBoard26_login.jpg>
Package pdftex.def Info: images/Parziali/BugBoard26_login.jpg  used on input li
ne 657.
(pdftex.def)             Requested size: 364.19667pt x 222.49779pt.
<images/Parziali/BugBoard26_SegnalaIssue.jpg, id=568, 765.86125pt x 595.22375pt
>
File: images/Parziali/BugBoard26_SegnalaIssue.jpg Graphic file (type jpg)
<use images/Parziali/BugBoard26_SegnalaIssue.jpg>
Package pdftex.def Info: images/Parziali/BugBoard26_SegnalaIssue.jpg  used on i
nput line 669.
(pdftex.def)             Requested size: 364.19667pt x 283.05211pt.


Package fancyhdr Warning: \headheight is too small (12.0pt): 
(fancyhdr)                Make it at least 14.49998pt, for example:
(fancyhdr)                \setlength{\headheight}{14.49998pt}.
(fancyhdr)                You might also make \topmargin smaller:
(fancyhdr)                \addtolength{\topmargin}{-2.49998pt}.

[21 <./images/Parziali/BugBoard26_login.jpg>]
<images/Parziali/BugBoard26_Visualizza&Assegna.jpg, id=576, 744.7825pt x 328.22
626pt>
File: images/Parziali/BugBoard26_Visualizza&Assegna.jpg Graphic file (type jpg)

<use images/Parziali/BugBoard26_Visualizza&Assegna.jpg>
Package pdftex.def Info: images/Parziali/BugBoard26_Visualizza&Assegna.jpg  use
d on input line 685.
(pdftex.def)             Requested size: 364.19667pt x 160.50673pt.


Package fancyhdr Warning: \headheight is too small (12.0pt): 
(fancyhdr)                Make it at least 14.49998pt, for example:
(fancyhdr)                \setlength{\headheight}{14.49998pt}.
(fancyhdr)                You might also make \topmargin smaller:
(fancyhdr)                \addtolength{\topmargin}{-2.49998pt}.

[22 <./images/Parziali/BugBoard26_SegnalaIssue.jpg>]
<images/Parziali/BugBoard26_VisualizzaReport&VisualizzaRiepilogo.jpg, id=589, 1
043.9pt x 617.30624pt>
File: images/Parziali/BugBoard26_VisualizzaReport&VisualizzaRiepilogo.jpg Graph
ic file (type jpg)
<use images/Parziali/BugBoard26_VisualizzaReport&VisualizzaRiepilogo.jpg>
Package pdftex.def Info: images/Parziali/BugBoard26_VisualizzaReport&Visualizza
Riepilogo.jpg  used on input line 705.
(pdftex.def)             Requested size: 364.19667pt x 215.36339pt.


Package fancyhdr Warning: \headheight is too small (12.0pt): 
(fancyhdr)                Make it at least 14.49998pt, for example:
(fancyhdr)                \setlength{\headheight}{14.49998pt}.
(fancyhdr)                You might also make \topmargin smaller:
(fancyhdr)                \addtolength{\topmargin}{-2.49998pt}.

[23 <./images/Parziali/BugBoard26_Visualizza&Assegna.jpg>]
<images/Parziali/visualizzaNotifiche.jpg, id=600, 831.105pt x 317.185pt>
File: images/Parziali/visualizzaNotifiche.jpg Graphic file (type jpg)
<use images/Parziali/visualizzaNotifiche.jpg>
Package pdftex.def Info: images/Parziali/visualizzaNotifiche.jpg  used on input
 line 717.
(pdftex.def)             Requested size: 364.19667pt x 138.9907pt.


Package fancyhdr Warning: \headheight is too small (12.0pt): 
(fancyhdr)                Make it at least 14.49998pt, for example:
(fancyhdr)                \setlength{\headheight}{14.49998pt}.
(fancyhdr)                You might also make \topmargin smaller:
(fancyhdr)                \addtolength{\topmargin}{-2.49998pt}.

[24 <./images/Parziali/BugBoard26_VisualizzaReport&VisualizzaRiepilogo.jpg> <./
images/Parziali/visualizzaNotifiche.jpg>]

Package fancyhdr Warning: \headheight is too small (12.0pt): 
(fancyhdr)                Make it at least 14.49998pt, for example:
(fancyhdr)                \setlength{\headheight}{14.49998pt}.
(fancyhdr)                You might also make \topmargin smaller:
(fancyhdr)                \addtolength{\topmargin}{-2.49998pt}.

[25]
Underfull \hbox (badness 2253) in paragraph at lines 766--766
[]|\T1/ptm/m/n/12 L'issue non vie-ne re-gi-stra-ta nel si-ste-ma e vie-ne vi-su
a-liz-za-to il
 []


Underfull \hbox (badness 4403) in paragraph at lines 779--779
[]|\T1/ptm/m/n/12 Accede al-la se-zio-ne \T1/ptm/m/it/12 Crea
 []


Underfull \hbox (badness 2671) in paragraph at lines 789--789
[]|\T1/ptm/m/n/12 Sceglie di se-le-zio-na-re una
 []


Overfull \hbox (0.56564pt too wide) in paragraph at lines 789--789
[]|\T1/ptm/m/n/12 3.a.1| 
 []


Underfull \hbox (badness 2671) in paragraph at lines 791--791
[]|\T1/ptm/m/n/12 Extension \T1/ptm/m/it/12 #2 \T1/ptm/m/n/12 - Al-le-
 []


Overfull \hbox (0.75783pt too wide) in paragraph at lines 798--798
[]|\T1/ptm/m/n/12 3.b.1| 
 []


Overfull \hbox (0.75783pt too wide) in paragraph at lines 798--798
[]|\T1/ptm/m/n/12 3.b.2| 
 []


Overfull \hbox (0.56564pt too wide) in paragraph at lines 807--807
[]|\T1/ptm/m/n/12 4.c.1| 
 []


Underfull \hbox (badness 1019) in paragraph at lines 807--807
[]|[][]\T1/ptm/m/n/12 Mostra MU_3[][] e tor-na al-lo
 []


Overfull \hbox (1.23772pt too wide) in paragraph at lines 816--816
[]|\T1/ptm/m/n/12 4.d.1| 
 []


Underfull \hbox (badness 1019) in paragraph at lines 816--816
[]|[][]\T1/ptm/m/n/12 Mostra MU_4[][] e tor-na al-lo
 []


Underfull \hbox (badness 5533) in paragraph at lines 819--819
[]|\T1/ptm/m/n/12 Extension \T1/ptm/m/it/12 #5 \T1/ptm/m/n/12 - L'u-
 []


Overfull \hbox (0.56564pt too wide) in paragraph at lines 825--825
[]|\T1/ptm/m/n/12 6.a.1| 
 []


Overfull \hbox (25.19995pt too wide) in alignment at lines 759--828
 [] [] 
 []


Package fancyhdr Warning: \headheight is too small (12.0pt): 
(fancyhdr)                Make it at least 14.49998pt, for example:
(fancyhdr)                \setlength{\headheight}{14.49998pt}.
(fancyhdr)                You might also make \topmargin smaller:
(fancyhdr)                \addtolength{\topmargin}{-2.49998pt}.

[26]
Overfull \hbox (0.56564pt too wide) in paragraph at lines 858--858
[]|\T1/ptm/m/n/12 4.a.1| 
 []


Overfull \hbox (0.56564pt too wide) in paragraph at lines 858--858
[]|\T1/ptm/m/n/12 4.a.2| 
 []


Underfull \hbox (badness 1019) in paragraph at lines 858--858
[]|[][]\T1/ptm/m/n/12 Mostra MU_3[][] e tor-na al-lo
 []


Overfull \hbox (0.75783pt too wide) in paragraph at lines 866--866
[]|\T1/ptm/m/n/12 4.b.1| 
 []


Overfull \hbox (0.75783pt too wide) in paragraph at lines 866--866
[]|\T1/ptm/m/n/12 4.b.2| 
 []


Overfull \hbox (0.75783pt too wide) in paragraph at lines 866--866
[]|\T1/ptm/m/n/12 4.b.3| 
 []


Overfull \hbox (25.19995pt too wide) in alignment at lines 834--868
 [] [] 
 []


Package fancyhdr Warning: \headheight is too small (12.0pt): 
(fancyhdr)                Make it at least 14.49998pt, for example:
(fancyhdr)                \setlength{\headheight}{14.49998pt}.
(fancyhdr)                You might also make \topmargin smaller:
(fancyhdr)                \addtolength{\topmargin}{-2.49998pt}.

[27]
<images/SegnalaIssueMockup/MU_1.png, id=653, 662.913pt x 419.604pt>
File: images/SegnalaIssueMockup/MU_1.png Graphic file (type png)
<use images/SegnalaIssueMockup/MU_1.png>
Package pdftex.def Info: images/SegnalaIssueMockup/MU_1.png  used on input line
 879.
(pdftex.def)             Requested size: 455.24411pt x 288.1569pt.


Package fancyhdr Warning: \headheight is too small (12.0pt): 
(fancyhdr)                Make it at least 14.49998pt, for example:
(fancyhdr)                \setlength{\headheight}{14.49998pt}.
(fancyhdr)                You might also make \topmargin smaller:
(fancyhdr)                \addtolength{\topmargin}{-2.49998pt}.

[28]
<images/SegnalaIssueMockup/MU_2.png, id=661, 663.132pt x 419.823pt>
File: images/SegnalaIssueMockup/MU_2.png Graphic file (type png)
<use images/SegnalaIssueMockup/MU_2.png>
Package pdftex.def Info: images/SegnalaIssueMockup/MU_2.png  used on input line
 888.
(pdftex.def)             Requested size: 455.24411pt x 288.2112pt.


Package fancyhdr Warning: \headheight is too small (12.0pt): 
(fancyhdr)                Make it at least 14.49998pt, for example:
(fancyhdr)                \setlength{\headheight}{14.49998pt}.
(fancyhdr)                You might also make \topmargin smaller:
(fancyhdr)                \addtolength{\topmargin}{-2.49998pt}.

[29 <./images/SegnalaIssueMockup/MU_1.png>]
<images/SegnalaIssueMockup/MU_3.png, id=670, 663.132pt x 419.823pt>
File: images/SegnalaIssueMockup/MU_3.png Graphic file (type png)
<use images/SegnalaIssueMockup/MU_3.png>
Package pdftex.def Info: images/SegnalaIssueMockup/MU_3.png  used on input line
 897.
(pdftex.def)             Requested size: 455.24411pt x 288.2112pt.


Package fancyhdr Warning: \headheight is too small (12.0pt): 
(fancyhdr)                Make it at least 14.49998pt, for example:
(fancyhdr)                \setlength{\headheight}{14.49998pt}.
(fancyhdr)                You might also make \topmargin smaller:
(fancyhdr)                \addtolength{\topmargin}{-2.49998pt}.

[30 <./images/SegnalaIssueMockup/MU_2.png>]
<images/SegnalaIssueMockup/MU_4.png, id=678, 662.913pt x 419.604pt>
File: images/SegnalaIssueMockup/MU_4.png Graphic file (type png)
<use images/SegnalaIssueMockup/MU_4.png>
Package pdftex.def Info: images/SegnalaIssueMockup/MU_4.png  used on input line
 906.
(pdftex.def)             Requested size: 455.24411pt x 288.1569pt.


Package fancyhdr Warning: \headheight is too small (12.0pt): 
(fancyhdr)                Make it at least 14.49998pt, for example:
(fancyhdr)                \setlength{\headheight}{14.49998pt}.
(fancyhdr)                You might also make \topmargin smaller:
(fancyhdr)                \addtolength{\topmargin}{-2.49998pt}.

[31 <./images/SegnalaIssueMockup/MU_3.png>]
<images/AssegnaIssueMockup/MU_1.png, id=687, 662.913pt x 419.604pt>
File: images/AssegnaIssueMockup/MU_1.png Graphic file (type png)
<use images/AssegnaIssueMockup/MU_1.png>
Package pdftex.def Info: images/AssegnaIssueMockup/MU_1.png  used on input line
 917.
(pdftex.def)             Requested size: 455.24411pt x 288.1569pt.


Package fancyhdr Warning: \headheight is too small (12.0pt): 
(fancyhdr)                Make it at least 14.49998pt, for example:
(fancyhdr)                \setlength{\headheight}{14.49998pt}.
(fancyhdr)                You might also make \topmargin smaller:
(fancyhdr)                \addtolength{\topmargin}{-2.49998pt}.

[32 <./images/SegnalaIssueMockup/MU_4.png>]
<images/AssegnaIssueMockup/MU_2.png, id=696, 663.132pt x 419.823pt>
File: images/AssegnaIssueMockup/MU_2.png Graphic file (type png)
<use images/AssegnaIssueMockup/MU_2.png>
Package pdftex.def Info: images/AssegnaIssueMockup/MU_2.png  used on input line
 924.
(pdftex.def)             Requested size: 455.24411pt x 288.2112pt.


Package fancyhdr Warning: \headheight is too small (12.0pt): 
(fancyhdr)                Make it at least 14.49998pt, for example:
(fancyhdr)                \setlength{\headheight}{14.49998pt}.
(fancyhdr)                You might also make \topmargin smaller:
(fancyhdr)                \addtolength{\topmargin}{-2.49998pt}.

[33 <./images/AssegnaIssueMockup/MU_1.png>]
<images/AssegnaIssueMockup/MU_3.png, id=705, 663.132pt x 419.823pt>
File: images/AssegnaIssueMockup/MU_3.png Graphic file (type png)
<use images/AssegnaIssueMockup/MU_3.png>
Package pdftex.def Info: images/AssegnaIssueMockup/MU_3.png  used on input line
 931.
(pdftex.def)             Requested size: 455.24411pt x 288.2112pt.


Package fancyhdr Warning: \headheight is too small (12.0pt): 
(fancyhdr)                Make it at least 14.49998pt, for example:
(fancyhdr)                \setlength{\headheight}{14.49998pt}.
(fancyhdr)                You might also make \topmargin smaller:
(fancyhdr)                \addtolength{\topmargin}{-2.49998pt}.

[34 <./images/AssegnaIssueMockup/MU_2.png>]
<images/AssegnaIssueMockup/MU_4.png, id=713, 663.132pt x 419.823pt>
File: images/AssegnaIssueMockup/MU_4.png Graphic file (type png)
<use images/AssegnaIssueMockup/MU_4.png>
Package pdftex.def Info: images/AssegnaIssueMockup/MU_4.png  used on input line
 938.
(pdftex.def)             Requested size: 455.24411pt x 288.2112pt.


Package fancyhdr Warning: \headheight is too small (12.0pt): 
(fancyhdr)                Make it at least 14.49998pt, for example:
(fancyhdr)                \setlength{\headheight}{14.49998pt}.
(fancyhdr)                You might also make \topmargin smaller:
(fancyhdr)                \addtolength{\topmargin}{-2.49998pt}.

[35 <./images/AssegnaIssueMockup/MU_3.png>]

Package fancyhdr Warning: \headheight is too small (12.0pt): 
(fancyhdr)                Make it at least 14.49998pt, for example:
(fancyhdr)                \setlength{\headheight}{14.49998pt}.
(fancyhdr)                You might also make \topmargin smaller:
(fancyhdr)                \addtolength{\topmargin}{-2.49998pt}.

[36 <./images/AssegnaIssueMockup/MU_4.png>]
<images/Architettura/Client-Server.png, id=727, 633.36626pt x 81.30376pt>
File: images/Architettura/Client-Server.png Graphic file (type png)
<use images/Architettura/Client-Server.png>
Package pdftex.def Info: images/Architettura/Client-Server.png  used on input l
ine 960.
(pdftex.def)             Requested size: 455.24411pt x 58.43939pt.
<images/Architettura/ComponentDiagramClient.png, id=728, 1060.96375pt x 312.166
24pt>
File: images/Architettura/ComponentDiagramClient.png Graphic file (type png)
<use images/Architettura/ComponentDiagramClient.png>
Package pdftex.def Info: images/Architettura/ComponentDiagramClient.png  used o
n input line 972.
(pdftex.def)             Requested size: 455.24411pt x 133.94783pt.


Package fancyhdr Warning: \headheight is too small (12.0pt): 
(fancyhdr)                Make it at least 14.49998pt, for example:
(fancyhdr)                \setlength{\headheight}{14.49998pt}.
(fancyhdr)                You might also make \topmargin smaller:
(fancyhdr)                \addtolength{\topmargin}{-2.49998pt}.

[37 <./images/Architettura/Client-Server.png>]
File: images/Architettura/ComponentDiagramClient.png Graphic file (type png)
<use images/Architettura/ComponentDiagramClient.png>
Package pdftex.def Info: images/Architettura/ComponentDiagramClient.png  used o
n input line 987.
(pdftex.def)             Requested size: 455.24411pt x 133.94783pt.


Package fancyhdr Warning: \headheight is too small (12.0pt): 
(fancyhdr)                Make it at least 14.49998pt, for example:
(fancyhdr)                \setlength{\headheight}{14.49998pt}.
(fancyhdr)                You might also make \topmargin smaller:
(fancyhdr)                \addtolength{\topmargin}{-2.49998pt}.

[38 <./images/Architettura/ComponentDiagramClient.png>]

Package fancyhdr Warning: \headheight is too small (12.0pt): 
(fancyhdr)                Make it at least 14.49998pt, for example:
(fancyhdr)                \setlength{\headheight}{14.49998pt}.
(fancyhdr)                You might also make \topmargin smaller:
(fancyhdr)                \addtolength{\topmargin}{-2.49998pt}.

[39]

Package fancyhdr Warning: \headheight is too small (12.0pt): 
(fancyhdr)                Make it at least 14.49998pt, for example:
(fancyhdr)                \setlength{\headheight}{14.49998pt}.
(fancyhdr)                You might also make \topmargin smaller:
(fancyhdr)                \addtolength{\topmargin}{-2.49998pt}.

[40]
<images/Architettura/Database.png, id=752, 444.66125pt x 492.84125pt>
File: images/Architettura/Database.png Graphic file (type png)
<use images/Architettura/Database.png>
Package pdftex.def Info: images/Architettura/Database.png  used on input line 1
025.
(pdftex.def)             Requested size: 318.66948pt x 353.1985pt.
<images/BackendCD/Model.png, id=753, 675.52374pt x 1400.23125pt>
File: images/BackendCD/Model.png Graphic file (type png)
<use images/BackendCD/Model.png>
Package pdftex.def Info: images/BackendCD/Model.png  used on input line 1036.
(pdftex.def)             Requested size: 318.66948pt x 660.5445pt.


Package fancyhdr Warning: \headheight is too small (12.0pt): 
(fancyhdr)                Make it at least 14.49998pt, for example:
(fancyhdr)                \setlength{\headheight}{14.49998pt}.
(fancyhdr)                You might also make \topmargin smaller:
(fancyhdr)                \addtolength{\topmargin}{-2.49998pt}.

[41 <./images/Architettura/Database.png>]
<images/BackendCD/Funzionalità 2.png, id=760, 1176.395pt x 1436.36626pt>
File: images/BackendCD/Funzionalità 2.png Graphic file (type png)
<use images/BackendCD/Funzionalità 2.png>
Package pdftex.def Info: images/BackendCD/Funzionalità 2.png  used on input li
ne 1046.
(pdftex.def)             Requested size: 455.24411pt x 555.841pt.


Package fancyhdr Warning: \headheight is too small (12.0pt): 
(fancyhdr)                Make it at least 14.49998pt, for example:
(fancyhdr)                \setlength{\headheight}{14.49998pt}.
(fancyhdr)                You might also make \topmargin smaller:
(fancyhdr)                \addtolength{\topmargin}{-2.49998pt}.

[42 <./images/BackendCD/Model.png>]
<images/BackendCD/Funzionalità 3.png, id=767, 1927.2pt x 1337.99875pt>
File: images/BackendCD/Funzionalità 3.png Graphic file (type png)
<use images/BackendCD/Funzionalità 3.png>
Package pdftex.def Info: images/BackendCD/Funzionalità 3.png  used on input li
ne 1054.
(pdftex.def)             Requested size: 455.24411pt x 316.06305pt.


Package fancyhdr Warning: \headheight is too small (12.0pt): 
(fancyhdr)                Make it at least 14.49998pt, for example:
(fancyhdr)                \setlength{\headheight}{14.49998pt}.
(fancyhdr)                You might also make \topmargin smaller:
(fancyhdr)                \addtolength{\topmargin}{-2.49998pt}.

[43 <./images/BackendCD/Funzionalità 2.png>]
<images/BackendCD/Funzionalità 4 e 14.png, id=775, 1227.58624pt x 1596.96625pt
>
File: images/BackendCD/Funzionalità 4 e 14.png Graphic file (type png)
<use images/BackendCD/Funzionalità 4 e 14.png>
Package pdftex.def Info: images/BackendCD/Funzionalità 4 e 14.png  used on inp
ut line 1062.
(pdftex.def)             Requested size: 455.24411pt x 592.23286pt.


Package fancyhdr Warning: \headheight is too small (12.0pt): 
(fancyhdr)                Make it at least 14.49998pt, for example:
(fancyhdr)                \setlength{\headheight}{14.49998pt}.
(fancyhdr)                You might also make \topmargin smaller:
(fancyhdr)                \addtolength{\topmargin}{-2.49998pt}.

[44 <./images/BackendCD/Funzionalità 3.png>]
<images/BackendCD/Funzionalità 11.png, id=782, 1028.84375pt x 866.23625pt>
File: images/BackendCD/Funzionalità 11.png Graphic file (type png)
<use images/BackendCD/Funzionalità 11.png>
Package pdftex.def Info: images/BackendCD/Funzionalità 11.png  used on input l
ine 1071.
(pdftex.def)             Requested size: 455.24411pt x 383.29962pt.


Package fancyhdr Warning: \headheight is too small (12.0pt): 
(fancyhdr)                Make it at least 14.49998pt, for example:
(fancyhdr)                \setlength{\headheight}{14.49998pt}.
(fancyhdr)                You might also make \topmargin smaller:
(fancyhdr)                \addtolength{\topmargin}{-2.49998pt}.

[45 <./images/BackendCD/Funzionalità 4 e 14.png>]
<images/BackendCD/Funzionalità 17.png, id=789, 1055.945pt x 1226.5825pt>
File: images/BackendCD/Funzionalità 17.png Graphic file (type png)
<use images/BackendCD/Funzionalità 17.png>
Package pdftex.def Info: images/BackendCD/Funzionalità 17.png  used on input l
ine 1079.
(pdftex.def)             Requested size: 455.24411pt x 528.80519pt.


Package fancyhdr Warning: \headheight is too small (12.0pt): 
(fancyhdr)                Make it at least 14.49998pt, for example:
(fancyhdr)                \setlength{\headheight}{14.49998pt}.
(fancyhdr)                You might also make \topmargin smaller:
(fancyhdr)                \addtolength{\topmargin}{-2.49998pt}.

[46 <./images/BackendCD/Funzionalità 11.png>]
<images/Architettura/Frontend - Package Diagram.png, id=796, 1141.26375pt x 151
8.67375pt>
File: images/Architettura/Frontend - Package Diagram.png Graphic file (type png
)
<use images/Architettura/Frontend - Package Diagram.png>
Package pdftex.def Info: images/Architettura/Frontend - Package Diagram.png  us
ed on input line 1087.
(pdftex.def)             Requested size: 455.24411pt x 605.79028pt.


Package fancyhdr Warning: \headheight is too small (12.0pt): 
(fancyhdr)                Make it at least 14.49998pt, for example:
(fancyhdr)                \setlength{\headheight}{14.49998pt}.
(fancyhdr)                You might also make \topmargin smaller:
(fancyhdr)                \addtolength{\topmargin}{-2.49998pt}.

[47 <./images/BackendCD/Funzionalità 17.png>]

Package fancyhdr Warning: \headheight is too small (12.0pt): 
(fancyhdr)                Make it at least 14.49998pt, for example:
(fancyhdr)                \setlength{\headheight}{14.49998pt}.
(fancyhdr)                You might also make \topmargin smaller:
(fancyhdr)                \addtolength{\topmargin}{-2.49998pt}.

[48 <./images/Architettura/Frontend - Package Diagram.png>]
LaTeX Font Info:    Trying to load font information for T1+pcr on input line 10
95.

(C:\Users\mmont\AppData\Local\Programs\MiKTeX\tex/latex/psnfss\t1pcr.fd
File: t1pcr.fd 2001/06/04 font definitions for T1/pcr.
)
Overfull \hbox (15.05583pt too wide) in paragraph at lines 1094--1098
\T1/ptm/m/n/12 le clas-si di-pen-do-no da astra-zio-ni (in-ter-fac-ce co-me \T1
/pcr/m/n/12 IssueService\T1/ptm/m/n/12 , \T1/pcr/m/n/12 IssueRepository\T1/ptm/
m/n/12 )
 []


Overfull \hbox (24.05475pt too wide) in paragraph at lines 1094--1098
\T1/ptm/m/n/12 sion (SO-LID). Que-sto per-met-te di so-sti-tui-re un'im-ple-men
-ta-zio-ne (es. \T1/pcr/m/n/12 IssueServiceImpl\T1/ptm/m/n/12 )
 []


Overfull \hbox (18.64453pt too wide) in paragraph at lines 1101--1102
\T1/pcr/m/n/12 NotificationEventListener\T1/ptm/m/n/12 ), re-gi-stra-to tra-mi-
te l'an-no-ta-zio-ne \T1/pcr/m/n/12 @EventListener\T1/ptm/m/n/12 ,
 []


Package fancyhdr Warning: \headheight is too small (12.0pt): 
(fancyhdr)                Make it at least 14.49998pt, for example:
(fancyhdr)                \setlength{\headheight}{14.49998pt}.
(fancyhdr)                You might also make \topmargin smaller:
(fancyhdr)                \addtolength{\topmargin}{-2.49998pt}.

[49]
Overfull \hbox (56.7287pt too wide) in paragraph at lines 1110--1111
[]\T1/ptm/m/n/12 Nel \T1/ptm/m/it/12 fron-tend \T1/ptm/m/n/12 non � pos-si-bi-l
e uti-liz-za-re una sem-pli-ce De-pen-den-cy In-jec-tion per-ch� i \T1/pcr/m/n/
12 ViewController
 []


Overfull \hbox (77.13391pt too wide) in paragraph at lines 1110--1111
\T1/ptm/m/n/12 di si � de-ci-so di usa-re un nuo-vo me-to-do \T1/pcr/m/n/12 ini
tDependency() \T1/ptm/m/n/12 chia-ma-to dal \T1/pcr/m/n/12 DashboardViewControl
ler
 []


Overfull \hbox (22.01439pt too wide) in paragraph at lines 1122--1123
[]\T1/ptm/m/n/12 Il re-po-si-to-ry � rag-giun-gi-bi-le al se-guen-te link: [][]
$\T1/pcr/m/n/12 https : / / github . com / ManuelMontuori /
 []

<images/Github.png, id=816, 752.8125pt x 308.352pt>
File: images/Github.png Graphic file (type png)
<use images/Github.png>
Package pdftex.def Info: images/Github.png  used on input line 1127.
(pdftex.def)             Requested size: 455.24411pt x 186.47119pt.

Package fancyhdr Warning: \headheight is too small (12.0pt): 
(fancyhdr)                Make it at least 14.49998pt, for example:
(fancyhdr)                \setlength{\headheight}{14.49998pt}.
(fancyhdr)                You might also make \topmargin smaller:
(fancyhdr)                \addtolength{\topmargin}{-2.49998pt}.

[50]
Package hyperref Info: bookmark level for unknown lstlisting defaults to 0 on i
nput line 1143.


Package fancyhdr Warning: \headheight is too small (12.0pt): 
(fancyhdr)                Make it at least 14.49998pt, for example:
(fancyhdr)                \setlength{\headheight}{14.49998pt}.
(fancyhdr)                You might also make \topmargin smaller:
(fancyhdr)                \addtolength{\topmargin}{-2.49998pt}.

[51 <./images/Github.png>]
Overfull \hbox (99.16153pt too wide) in paragraph at lines 1169--1170
[][][][][][][][][][][][][][][][] 
 []


Package fancyhdr Warning: \headheight is too small (12.0pt): 
(fancyhdr)                Make it at least 14.49998pt, for example:
(fancyhdr)                \setlength{\headheight}{14.49998pt}.
(fancyhdr)                You might also make \topmargin smaller:
(fancyhdr)                \addtolength{\topmargin}{-2.49998pt}.

[52]
<images/SonarQube/SonarQubeDuplications.png, id=856, 747.39224pt x 341.47575pt>

File: images/SonarQube/SonarQubeDuplications.png Graphic file (type png)
<use images/SonarQube/SonarQubeDuplications.png>
Package pdftex.def Info: images/SonarQube/SonarQubeDuplications.png  used on in
put line 1194.
(pdftex.def)             Requested size: 455.24411pt x 207.9977pt.
<images/SonarQube/SonarQubeIssues.png, id=857, 696.80325pt x 340.27126pt>
File: images/SonarQube/SonarQubeIssues.png Graphic file (type png)
<use images/SonarQube/SonarQubeIssues.png>
Package pdftex.def Info: images/SonarQube/SonarQubeIssues.png  used on input li
ne 1204.
(pdftex.def)             Requested size: 455.24411pt x 222.31595pt.


Package fancyhdr Warning: \headheight is too small (12.0pt): 
(fancyhdr)                Make it at least 14.49998pt, for example:
(fancyhdr)                \setlength{\headheight}{14.49998pt}.
(fancyhdr)                You might also make \topmargin smaller:
(fancyhdr)                \addtolength{\topmargin}{-2.49998pt}.

[53 <./images/SonarQube/SonarQubeDuplications.png>]
<images/SonarQube/SonarQubeReportOverall.png, id=865, 976.8495pt x 407.72325pt>

File: images/SonarQube/SonarQubeReportOverall.png Graphic file (type png)
<use images/SonarQube/SonarQubeReportOverall.png>
Package pdftex.def Info: images/SonarQube/SonarQubeReportOverall.png  used on i
nput line 1213.
(pdftex.def)             Requested size: 455.24411pt x 190.01239pt.
<images/SonarQube/SonarQubeReportNewCode.png, id=866, 970.827pt x 416.757pt>
File: images/SonarQube/SonarQubeReportNewCode.png Graphic file (type png)
<use images/SonarQube/SonarQubeReportNewCode.png>
Package pdftex.def Info: images/SonarQube/SonarQubeReportNewCode.png  used on i
nput line 1221.
(pdftex.def)             Requested size: 455.24411pt x 195.42432pt.


Package fancyhdr Warning: \headheight is too small (12.0pt): 
(fancyhdr)                Make it at least 14.49998pt, for example:
(fancyhdr)                \setlength{\headheight}{14.49998pt}.
(fancyhdr)                You might also make \topmargin smaller:
(fancyhdr)                \addtolength{\topmargin}{-2.49998pt}.

[54 <./images/SonarQube/SonarQubeIssues.png> <./images/SonarQube/SonarQubeRepor
tOverall.png>]

Package fancyhdr Warning: \headheight is too small (12.0pt): 
(fancyhdr)                Make it at least 14.49998pt, for example:
(fancyhdr)                \setlength{\headheight}{14.49998pt}.
(fancyhdr)                You might also make \topmargin smaller:
(fancyhdr)                \addtolength{\topmargin}{-2.49998pt}.

[55 <./images/SonarQube/SonarQubeReportNewCode.png>]
runsystem(makeindex srs.idx)...executed safely (allowed).

 (srs.ind) [56

] (srs.aux)
 ***********
LaTeX2e <2023-11-01> patch level 1
L3 programming layer <2024-01-04>
 ***********


LaTeX Warning: There were multiply-defined labels.

Package rerunfilecheck Info: File `srs.out' has not changed.
(rerunfilecheck)             Checksum: C4B05272E0C362CDE05E9ADD88B1064C;16667.
 ) 
Here is how much of TeX's memory you used:
 15352 strings out of 474486
 244501 string characters out of 5743754
 1953542 words of memory out of 5000000
 37204 multiletter control sequences out of 15000+600000
 598142 words of font info for 91 fonts, out of 8000000 for 9000
 1141 hyphenation exceptions out of 8191
 75i,15n,79p,1187b,1064s stack positions out of 10000i,1000n,20000p,200000b,200000s
<C:/Users/mmont/AppData/Local/Programs/MiKTeX/fonts/type1/public/amsfonts/sym
bols/msam10.pfb><C:/Users/mmont/AppData/Local/Programs/MiKTeX/fonts/type1/urw/c
ourier/ucrr8a.pfb><C:/Users/mmont/AppData/Local/Programs/MiKTeX/fonts/type1/urw
/times/utmb8a.pfb><C:/Users/mmont/AppData/Local/Programs/MiKTeX/fonts/type1/urw
/times/utmbi8a.pfb><C:/Users/mmont/AppData/Local/Programs/MiKTeX/fonts/type1/ur
w/times/utmr8a.pfb><C:/Users/mmont/AppData/Local/Programs/MiKTeX/fonts/type1/ur
w/times/utmri8a.pfb>
Output written on srs.pdf (56 pages, 2642639 bytes).
PDF statistics:
 1064 PDF objects out of 1200 (max. 8388607)
 209 named destinations out of 1000 (max. 500000)
 810 words of extra memory for PDF output out of 10000 (max. 10000000)

